2025-03-21T15:57:21.877450+00:00 erwin systemd-modules-load[280]: Inserted module 'lp'
2025-03-21T15:57:21.878300+00:00 erwin systemd-modules-load[280]: Inserted module 'ppdev'
2025-03-21T15:57:21.878315+00:00 erwin systemd-modules-load[280]: Inserted module 'parport_pc'
2025-03-21T15:57:21.878319+00:00 erwin systemd[1]: Starting systemd-journal-flush.service - Flush Journal to Persistent Storage...
2025-03-21T15:57:21.878323+00:00 erwin systemd[1]: Finished systemd-random-seed.service - Load/Save OS Random Seed.
2025-03-21T15:57:21.878326+00:00 erwin systemd-modules-load[280]: Inserted module 'msr'
2025-03-21T15:57:21.878331+00:00 erwin systemd[1]: Finished systemd-modules-load.service - Load Kernel Modules.
2025-03-21T15:57:21.878335+00:00 erwin systemd[1]: Starting systemd-sysctl.service - Apply Kernel Variables...
2025-03-21T15:57:21.878341+00:00 erwin systemd[1]: Finished keyboard-setup.service - Set the console keyboard layout.
2025-03-21T15:57:21.878344+00:00 erwin systemd[1]: Finished systemd-tmpfiles-setup-dev-early.service - Create Static Device Nodes in /dev gracefully.
2025-03-21T15:57:21.878347+00:00 erwin systemd[1]: Starting systemd-sysusers.service - Create System Users...
2025-03-21T15:57:21.878351+00:00 erwin systemd[1]: Finished systemd-sysctl.service - Apply Kernel Variables.
2025-03-21T15:57:21.878354+00:00 erwin systemd[1]: Finished systemd-journal-flush.service - Flush Journal to Persistent Storage.
2025-03-21T15:57:21.878357+00:00 erwin systemd-sysusers[322]: Creating group 'gamemode' with GID 986.
2025-03-21T15:57:21.878363+00:00 erwin systemd-sysusers[322]: Creating group 'gnome-initial-setup' with GID 985.
2025-03-21T15:57:21.878367+00:00 erwin systemd[1]: Finished systemd-sysusers.service - Create System Users.
2025-03-21T15:57:21.878370+00:00 erwin systemd[1]: Starting systemd-tmpfiles-setup-dev.service - Create Static Device Nodes in /dev...
2025-03-21T15:57:21.878374+00:00 erwin systemd[1]: Finished systemd-udev-trigger.service - Coldplug All udev Devices.
2025-03-21T15:57:21.878378+00:00 erwin systemd[1]: Finished systemd-tmpfiles-setup-dev.service - Create Static Device Nodes in /dev.
2025-03-21T15:57:21.878381+00:00 erwin systemd[1]: Reached target local-fs-pre.target - Preparation for Local File Systems.
2025-03-21T15:57:21.878387+00:00 erwin systemd[1]: Mounting snap-bare-5.mount - Mount unit for bare, revision 5...
2025-03-21T15:57:21.878390+00:00 erwin systemd[1]: Mounting snap-core22-1748.mount - Mount unit for core22, revision 1748...
2025-03-21T15:57:21.878393+00:00 erwin systemd[1]: Mounting snap-firefox-5751.mount - Mount unit for firefox, revision 5751...
2025-03-21T15:57:21.878397+00:00 erwin systemd[1]: Mounting snap-firmware\x2dupdater-167.mount - Mount unit for firmware-updater, revision 167...
2025-03-21T15:57:21.878400+00:00 erwin systemd[1]: Mounting snap-gnome\x2d42\x2d2204-202.mount - Mount unit for gnome-42-2204, revision 202...
2025-03-21T15:57:21.878406+00:00 erwin systemd[1]: Mounting snap-gtk\x2dcommon\x2dthemes-1535.mount - Mount unit for gtk-common-themes, revision 1535...
2025-03-21T15:57:21.878409+00:00 erwin systemd[1]: Mounting snap-snap\x2dstore-1248.mount - Mount unit for snap-store, revision 1248...
2025-03-21T15:57:21.878413+00:00 erwin systemd[1]: Mounting snap-snapd-23545.mount - Mount unit for snapd, revision 23545...
2025-03-21T15:57:21.878416+00:00 erwin systemd[1]: Mounting snap-snapd\x2ddesktop\x2dintegration-253.mount - Mount unit for snapd-desktop-integration, revision 253...
2025-03-21T15:57:21.878419+00:00 erwin systemd[1]: Starting systemd-udevd.service - Rule-based Manager for Device Events and Files...
2025-03-21T15:57:21.878422+00:00 erwin systemd[1]: Mounted snap-bare-5.mount - Mount unit for bare, revision 5.
2025-03-21T15:57:21.878428+00:00 erwin systemd[1]: Mounted snap-core22-1748.mount - Mount unit for core22, revision 1748.
2025-03-21T15:57:21.878431+00:00 erwin systemd[1]: Mounted snap-firefox-5751.mount - Mount unit for firefox, revision 5751.
2025-03-21T15:57:21.878434+00:00 erwin systemd[1]: Mounted snap-firmware\x2dupdater-167.mount - Mount unit for firmware-updater, revision 167.
2025-03-21T15:57:21.878438+00:00 erwin systemd[1]: Mounted snap-gnome\x2d42\x2d2204-202.mount - Mount unit for gnome-42-2204, revision 202.
2025-03-21T15:57:21.878441+00:00 erwin systemd[1]: Mounted snap-gtk\x2dcommon\x2dthemes-1535.mount - Mount unit for gtk-common-themes, revision 1535.
2025-03-21T15:57:21.878447+00:00 erwin systemd[1]: Mounted snap-snap\x2dstore-1248.mount - Mount unit for snap-store, revision 1248.
2025-03-21T15:57:21.878450+00:00 erwin systemd[1]: Mounted snap-snapd-23545.mount - Mount unit for snapd, revision 23545.
2025-03-21T15:57:21.878454+00:00 erwin systemd[1]: Mounted snap-snapd\x2ddesktop\x2dintegration-253.mount - Mount unit for snapd-desktop-integration, revision 253.
2025-03-21T15:57:21.878457+00:00 erwin systemd[1]: Reached target snapd.mounts.target - Mounted snaps.
2025-03-21T15:57:21.878460+00:00 erwin systemd[1]: Reached target local-fs.target - Local File Systems.
2025-03-21T15:57:21.878463+00:00 erwin systemd[1]: Listening on systemd-sysext.socket - System Extension Image Management (Varlink).
2025-03-21T15:57:21.878469+00:00 erwin systemd[1]: Starting apparmor.service - Load AppArmor profiles...
2025-03-21T15:57:21.878473+00:00 erwin systemd[1]: Starting console-setup.service - Set console font and keymap...
2025-03-21T15:57:21.878476+00:00 erwin systemd[1]: Starting ldconfig.service - Rebuild Dynamic Linker Cache...
2025-03-21T15:57:21.878479+00:00 erwin systemd[1]: Starting plymouth-read-write.service - Tell Plymouth To Write Out Runtime Data...
2025-03-21T15:57:21.878482+00:00 erwin systemd-udevd[342]: Using default interface naming scheme 'v255'.
2025-03-21T15:57:21.878486+00:00 erwin systemd[1]: Starting systemd-binfmt.service - Set Up Additional Binary Formats...
2025-03-21T15:57:21.878491+00:00 erwin systemd[1]: Starting systemd-tmpfiles-setup.service - Create Volatile Files and Directories...
2025-03-21T15:57:21.878495+00:00 erwin apparmor.systemd[352]: Restarting AppArmor
2025-03-21T15:57:21.878498+00:00 erwin systemd[1]: Starting ufw.service - Uncomplicated firewall...
2025-03-21T15:57:21.878502+00:00 erwin systemd[1]: Finished console-setup.service - Set console font and keymap.
2025-03-21T15:57:21.878505+00:00 erwin apparmor.systemd[352]: Reloading AppArmor profiles
2025-03-21T15:57:21.878508+00:00 erwin systemd[1]: proc-sys-fs-binfmt_misc.automount: Got automount request for /proc/sys/fs/binfmt_misc, triggered by 360 (systemd-binfmt)
2025-03-21T15:57:21.878514+00:00 erwin systemd[1]: Finished ufw.service - Uncomplicated firewall.
2025-03-21T15:57:21.878517+00:00 erwin systemd[1]: Received SIGRTMIN+20 from PID 192 (plymouthd).
2025-03-21T15:57:21.878521+00:00 erwin systemd[1]: Finished plymouth-read-write.service - Tell Plymouth To Write Out Runtime Data.
2025-03-21T15:57:21.878524+00:00 erwin systemd[1]: Finished systemd-tmpfiles-setup.service - Create Volatile Files and Directories.
2025-03-21T15:57:21.878528+00:00 erwin systemd[1]: systemd-firstboot.service - First Boot Wizard was skipped because of an unmet condition check (ConditionFirstBoot=yes).
2025-03-21T15:57:21.878533+00:00 erwin systemd[1]: first-boot-complete.target - First Boot Complete was skipped because of an unmet condition check (ConditionFirstBoot=yes).
2025-03-21T15:57:21.878537+00:00 erwin systemd[1]: Starting systemd-journal-catalog-update.service - Rebuild Journal Catalog...
2025-03-21T15:57:21.878540+00:00 erwin systemd[1]: systemd-machine-id-commit.service - Commit a transient machine-id on disk was skipped because of an unmet condition check (ConditionPathIsMountPoint=/etc/machine-id).
2025-03-21T15:57:21.878544+00:00 erwin systemd[1]: Starting systemd-oomd.service - Userspace Out-Of-Memory (OOM) Killer...
2025-03-21T15:57:21.878547+00:00 erwin systemd[1]: Starting systemd-resolved.service - Network Name Resolution...
2025-03-21T15:57:21.878551+00:00 erwin systemd[1]: Starting systemd-timesyncd.service - Network Time Synchronization...
2025-03-21T15:57:21.878556+00:00 erwin systemd[1]: Starting systemd-update-utmp.service - Record System Boot/Shutdown in UTMP...
2025-03-21T15:57:21.878560+00:00 erwin systemd[1]: Finished ldconfig.service - Rebuild Dynamic Linker Cache.
2025-03-21T15:57:21.878563+00:00 erwin systemd[1]: Started systemd-udevd.service - Rule-based Manager for Device Events and Files.
2025-03-21T15:57:21.878566+00:00 erwin systemd[1]: Finished systemd-update-utmp.service - Record System Boot/Shutdown in UTMP.
2025-03-21T15:57:21.878570+00:00 erwin systemd[1]: Finished systemd-journal-catalog-update.service - Rebuild Journal Catalog.
2025-03-21T15:57:21.878575+00:00 erwin systemd[1]: Starting plymouth-start.service - Show Plymouth Boot Screen...
2025-03-21T15:57:21.878579+00:00 erwin systemd[1]: Starting systemd-update-done.service - Update is Completed...
2025-03-21T15:57:21.878582+00:00 erwin systemd[1]: Finished systemd-update-done.service - Update is Completed.
2025-03-21T15:57:21.878586+00:00 erwin systemd[1]: Started plymouth-start.service - Show Plymouth Boot Screen.
2025-03-21T15:57:21.878590+00:00 erwin systemd[1]: systemd-ask-password-console.path - Dispatch Password Requests to Console Directory Watch was skipped because of an unmet condition check (ConditionPathExists=!/run/plymouth/pid).
2025-03-21T15:57:21.878593+00:00 erwin systemd[1]: Started systemd-ask-password-plymouth.path - Forward Password Requests to Plymouth Directory Watch.
2025-03-21T15:57:21.878599+00:00 erwin systemd[1]: Reached target cryptsetup.target - Local Encrypted Volumes.
2025-03-21T15:57:21.878602+00:00 erwin (udev-worker)[441]: sda: Process '/usr/bin/unshare -m /usr/bin/snap auto-import --mount=/dev/sda' failed with exit code 1.
2025-03-21T15:57:21.878605+00:00 erwin mtp-probe: checking bus 1, device 2: "/sys/devices/pci0000:00/0000:00:06.0/usb1/1-1"
2025-03-21T15:57:21.878609+00:00 erwin mtp-probe: bus: 1, device: 2 was not an MTP device
2025-03-21T15:57:21.878615+00:00 erwin (udev-worker)[441]: sda1: Process '/usr/bin/unshare -m /usr/bin/snap auto-import --mount=/dev/sda1' failed with exit code 1.
2025-03-21T15:57:21.878619+00:00 erwin (udev-worker)[431]: sda2: Process '/usr/bin/unshare -m /usr/bin/snap auto-import --mount=/dev/sda2' failed with exit code 1.
2025-03-21T15:57:21.878624+00:00 erwin cloud-init[539]: Cloud-init v. 24.4-0ubuntu1~24.04.2 running 'init-local' at Fri, 21 Mar 2025 15:57:17 +0000. Up 4.36 seconds.
2025-03-21T15:57:21.878629+00:00 erwin (udev-worker)[440]: sr0: Process '/usr/bin/unshare -m /usr/bin/snap auto-import --mount=/dev/sr0' failed with exit code 1.
2025-03-21T15:57:21.878634+00:00 erwin apparmor.systemd[561]: Warning: found usr.sbin.sssd in /etc/apparmor.d/force-complain, forcing complain mode
2025-03-21T15:57:21.878637+00:00 erwin systemd[1]: Listening on systemd-rfkill.socket - Load/Save RF Kill Switch Status /dev/rfkill Watch.
2025-03-21T15:57:21.878640+00:00 erwin systemd[1]: Mounting proc-sys-fs-binfmt_misc.mount - Arbitrary Executable File Formats File System...
2025-03-21T15:57:21.878646+00:00 erwin systemd[1]: Mounted proc-sys-fs-binfmt_misc.mount - Arbitrary Executable File Formats File System.
2025-03-21T15:57:21.878649+00:00 erwin systemd[1]: Finished systemd-binfmt.service - Set Up Additional Binary Formats.
2025-03-21T15:57:21.878653+00:00 erwin systemd[1]: proc-sys-fs-binfmt_misc.automount: Got automount request for /proc/sys/fs/binfmt_misc, triggered by 409 ((resolved))
2025-03-21T15:57:21.878656+00:00 erwin systemd[1]: proc-sys-fs-binfmt_misc.automount: Automount point already active?
2025-03-21T15:57:21.878660+00:00 erwin apparmor.systemd[561]: Warning from /etc/apparmor.d (/etc/apparmor.d/usr.sbin.sssd line 63): Caching disabled for: 'usr.sbin.sssd' due to force complain
2025-03-21T15:57:21.878666+00:00 erwin systemd[1]: Started systemd-timesyncd.service - Network Time Synchronization.
2025-03-21T15:57:21.878670+00:00 erwin systemd[1]: Reached target time-set.target - System Time Set.
2025-03-21T15:57:21.878673+00:00 erwin systemd-resolved[409]: Positive Trust Anchors:
2025-03-21T15:57:21.878677+00:00 erwin systemd-resolved[409]: . IN DS 20326 8 2 e06d44b80b8f1d39a95c0b0d7c65d08458e880409bbc683457104237c7f8ec8d
2025-03-21T15:57:21.878681+00:00 erwin systemd-resolved[409]: Negative trust anchors: home.arpa 10.in-addr.arpa 16.172.in-addr.arpa 17.172.in-addr.arpa 18.172.in-addr.arpa 19.172.in-addr.arpa 20.172.in-addr.arpa 21.172.in-addr.arpa 22.172.in-addr.arpa 23.172.in-addr.arpa 24.172.in-addr.arpa 25.172.in-addr.arpa 26.172.in-addr.arpa 27.172.in-addr.arpa 28.172.in-addr.arpa 29.172.in-addr.arpa 30.172.in-addr.arpa 31.172.in-addr.arpa 170.0.0.192.in-addr.arpa 171.0.0.192.in-addr.arpa 168.192.in-addr.arpa d.f.ip6.arpa ipv4only.arpa corp home internal intranet lan local private test
2025-03-21T15:57:21.878684+00:00 erwin systemd-oomd[402]: No swap; memory pressure usage will be degraded
2025-03-21T15:57:21.878690+00:00 erwin systemd[1]: Started systemd-oomd.service - Userspace Out-Of-Memory (OOM) Killer.
2025-03-21T15:57:21.878693+00:00 erwin systemd-resolved[409]: Using system hostname 'erwin'.
2025-03-21T15:57:21.878697+00:00 erwin systemd[1]: Started systemd-resolved.service - Network Name Resolution.
2025-03-21T15:57:21.878700+00:00 erwin systemd[1]: Reached target nss-lookup.target - Host and Network Name Lookups.
2025-03-21T15:57:21.878703+00:00 erwin systemd[1]: netplan-ovs-cleanup.service - OpenVSwitch configuration for cleanup was skipped because of an unmet condition check (ConditionFileIsExecutable=/usr/bin/ovs-vsctl).
2025-03-21T15:57:21.878707+00:00 erwin systemd[1]: Reloading requested from client PID 679 ('systemctl') (unit cloud-init-local.service)...
2025-03-21T15:57:21.878712+00:00 erwin systemd[1]: Reloading...
2025-03-21T15:57:21.878716+00:00 erwin (udev-worker)[853]: controlC0: Process '/usr/sbin/alsactl -E HOME=/run/alsa -E XDG_RUNTIME_DIR=/run/alsa/runtime restore 0' failed with exit code 99.
2025-03-21T15:57:21.878719+00:00 erwin systemd[1]: Reloading finished in 408 ms.
2025-03-21T15:57:21.878723+00:00 erwin systemd[1]: systemd-ask-password-console.path - Dispatch Password Requests to Console Directory Watch was skipped because of an unmet condition check (ConditionPathExists=!/run/plymouth/pid).
2025-03-21T15:57:21.878726+00:00 erwin systemd[1]: Starting modprobe@dm_mod.service - Load Kernel Module dm_mod...
2025-03-21T15:57:21.878732+00:00 erwin systemd[1]: Starting modprobe@efi_pstore.service - Load Kernel Module efi_pstore...
2025-03-21T15:57:21.878735+00:00 erwin systemd[1]: Starting modprobe@loop.service - Load Kernel Module loop...
2025-03-21T15:57:21.878738+00:00 erwin systemd[1]: systemd-firstboot.service - First Boot Wizard was skipped because of an unmet condition check (ConditionFirstBoot=yes).
2025-03-21T15:57:21.878742+00:00 erwin systemd[1]: first-boot-complete.target - First Boot Complete was skipped because of an unmet condition check (ConditionFirstBoot=yes).
2025-03-21T15:57:21.878745+00:00 erwin systemd[1]: systemd-hwdb-update.service - Rebuild Hardware Database was skipped because of an unmet condition check (ConditionNeedsUpdate=/etc).
2025-03-21T15:57:21.878749+00:00 erwin systemd[1]: systemd-machine-id-commit.service - Commit a transient machine-id on disk was skipped because of an unmet condition check (ConditionPathIsMountPoint=/etc/machine-id).
2025-03-21T15:57:21.878754+00:00 erwin systemd[1]: systemd-pcrmachine.service - TPM2 PCR Machine ID Measurement was skipped because of an unmet condition check (ConditionSecurity=measured-uki).
2025-03-21T15:57:21.878757+00:00 erwin systemd[1]: systemd-tpm2-setup-early.service - TPM2 SRK Setup (Early) was skipped because of an unmet condition check (ConditionSecurity=measured-uki).
2025-03-21T15:57:21.878761+00:00 erwin systemd[1]: systemd-tpm2-setup.service - TPM2 SRK Setup was skipped because of an unmet condition check (ConditionSecurity=measured-uki).
2025-03-21T15:57:21.878764+00:00 erwin systemd[1]: modprobe@dm_mod.service: Deactivated successfully.
2025-03-21T15:57:21.878767+00:00 erwin systemd[1]: Finished modprobe@dm_mod.service - Load Kernel Module dm_mod.
2025-03-21T15:57:21.878773+00:00 erwin systemd[1]: modprobe@efi_pstore.service: Deactivated successfully.
2025-03-21T15:57:21.878776+00:00 erwin systemd[1]: Finished modprobe@efi_pstore.service - Load Kernel Module efi_pstore.
2025-03-21T15:57:21.878779+00:00 erwin systemd[1]: systemd-pstore.service - Platform Persistent Storage Archival was skipped because of an unmet condition check (ConditionDirectoryNotEmpty=/sys/fs/pstore).
2025-03-21T15:57:21.878783+00:00 erwin systemd[1]: modprobe@loop.service: Deactivated successfully.
2025-03-21T15:57:21.878786+00:00 erwin systemd[1]: Finished modprobe@loop.service - Load Kernel Module loop.
2025-03-21T15:57:21.878790+00:00 erwin systemd[1]: systemd-repart.service - Repartition Root Disk was skipped because no trigger condition checks were met.
2025-03-21T15:57:21.878795+00:00 erwin systemd[1]: Finished cloud-init-local.service - Cloud-init: Local Stage (pre-network).
2025-03-21T15:57:21.878798+00:00 erwin systemd[1]: Reached target network-pre.target - Preparation for Network.
2025-03-21T15:57:21.878802+00:00 erwin systemd[1]: Finished apparmor.service - Load AppArmor profiles.
2025-03-21T15:57:21.878806+00:00 erwin systemd[1]: Starting snapd.apparmor.service - Load AppArmor profiles managed internally by snapd...
2025-03-21T15:57:21.878813+00:00 erwin snapd-apparmor[887]: main.go:146: Loading profiles [/var/lib/snapd/apparmor/profiles/snap-confine.snapd.23545 /var/lib/snapd/apparmor/profiles/snap-update-ns.firefox /var/lib/snapd/apparmor/profiles/snap-update-ns.firmware-updater /var/lib/snapd/apparmor/profiles/snap-update-ns.snap-store /var/lib/snapd/apparmor/profiles/snap-update-ns.snapd-desktop-integration /var/lib/snapd/apparmor/profiles/snap.firefox.firefox /var/lib/snapd/apparmor/profiles/snap.firefox.geckodriver /var/lib/snapd/apparmor/profiles/snap.firefox.hook.configure /var/lib/snapd/apparmor/profiles/snap.firefox.hook.disconnect-plug-host-hunspell /var/lib/snapd/apparmor/profiles/snap.firefox.hook.install /var/lib/snapd/apparmor/profiles/snap.firefox.hook.post-refresh /var/lib/snapd/apparmor/profiles/snap.firmware-updater.firmware-notifier /var/lib/snapd/apparmor/profiles/snap.firmware-updater.firmware-updater /var/lib/snapd/apparmor/profiles/snap.firmware-updater.firmware-updater-app /var/lib/snapd/apparmor/profiles/snap.firmware-updater.hook.configure /var/lib/snapd/apparmor/profiles/snap.snap-store.hook.configure /var/lib/snapd/apparmor/profiles/snap.snap-store.show-updates /var/lib/snapd/apparmor/profiles/snap.snap-store.snap-store /var/lib/snapd/apparmor/profiles/snap.snapd-desktop-integration.hook.configure /var/lib/snapd/apparmor/profiles/snap.snapd-desktop-integration.snapd-desktop-integration]
2025-03-21T15:57:21.878821+00:00 erwin systemd[1]: Finished snapd.apparmor.service - Load AppArmor profiles managed internally by snapd.
2025-03-21T15:57:21.878825+00:00 erwin systemd[1]: Reached target sysinit.target - System Initialization.
2025-03-21T15:57:21.878828+00:00 erwin systemd[1]: apport-autoreport.path - Process error reports when automatic reporting is enabled (file watch) was skipped because of an unmet condition check (ConditionPathExists=/var/lib/apport/autoreport).
2025-03-21T15:57:21.878832+00:00 erwin systemd[1]: Started cups.path - CUPS Scheduler.
2025-03-21T15:57:21.878837+00:00 erwin systemd[1]: tpm-udev.path - Handle dynamically added tpm devices was skipped because of an unmet condition check (ConditionVirtualization=container).
2025-03-21T15:57:21.878841+00:00 erwin systemd[1]: Started whoopsie.path - Start whoopsie on modification of the /var/crash directory.
2025-03-21T15:57:21.878844+00:00 erwin systemd[1]: Started anacron.timer - Trigger anacron every hour.
2025-03-21T15:57:21.878847+00:00 erwin systemd[1]: apport-autoreport.timer - Process error reports when automatic reporting is enabled (timer based) was skipped because of an unmet condition check (ConditionPathExists=/var/lib/apport/autoreport).
2025-03-21T15:57:21.878850+00:00 erwin systemd[1]: Started apt-daily.timer - Daily apt download activities.
2025-03-21T15:57:21.878853+00:00 erwin systemd[1]: Started apt-daily-upgrade.timer - Daily apt upgrade and clean activities.
2025-03-21T15:57:21.878859+00:00 erwin systemd[1]: Started dpkg-db-backup.timer - Daily dpkg database backup timer.
2025-03-21T15:57:21.878862+00:00 erwin systemd[1]: Started e2scrub_all.timer - Periodic ext4 Online Metadata Check for All Filesystems.
2025-03-21T15:57:21.878865+00:00 erwin systemd[1]: Started fstrim.timer - Discard unused filesystem blocks once a week.
2025-03-21T15:57:21.878869+00:00 erwin systemd[1]: Started fwupd-refresh.timer - Refresh fwupd metadata regularly.
2025-03-21T15:57:21.878872+00:00 erwin systemd[1]: Started logrotate.timer - Daily rotation of log files.
2025-03-21T15:57:21.878875+00:00 erwin systemd[1]: Started man-db.timer - Daily man-db regeneration.
2025-03-21T15:57:21.878881+00:00 erwin systemd[1]: Started motd-news.timer - Message of the Day.
2025-03-21T15:57:21.878884+00:00 erwin systemd[1]: snapd.snap-repair.timer - Timer to automatically fetch and run repair assertions was skipped because no trigger condition checks were met.
2025-03-21T15:57:21.878887+00:00 erwin systemd[1]: Started sysstat-collect.timer - Run system activity accounting tool every 10 minutes.
2025-03-21T15:57:21.878891+00:00 erwin systemd[1]: Started sysstat-summary.timer - Generate summary of yesterday's process accounting.
2025-03-21T15:57:21.878894+00:00 erwin systemd[1]: Started systemd-tmpfiles-clean.timer - Daily Cleanup of Temporary Directories.
2025-03-21T15:57:21.878900+00:00 erwin systemd[1]: ua-timer.timer - Ubuntu Pro Timer for running repeated jobs was skipped because of an unmet condition check (ConditionPathExists=/var/lib/ubuntu-advantage/private/machine-token.json).
2025-03-21T15:57:21.878903+00:00 erwin systemd[1]: Reached target paths.target - Path Units.
2025-03-21T15:57:21.878906+00:00 erwin systemd[1]: apport-forward.socket - Unix socket for apport crash forwarding was skipped because of an unmet condition check (ConditionVirtualization=container).
2025-03-21T15:57:21.878910+00:00 erwin systemd[1]: Listening on avahi-daemon.socket - Avahi mDNS/DNS-SD Stack Activation Socket.
2025-03-21T15:57:21.878913+00:00 erwin systemd[1]: Listening on cups.socket - CUPS Scheduler.
2025-03-21T15:57:21.878917+00:00 erwin systemd[1]: Listening on dbus.socket - D-Bus System Message Bus Socket.
2025-03-21T15:57:21.878925+00:00 erwin systemd[1]: Starting snapd.socket - Socket activation for snappy daemon...
2025-03-21T15:57:21.878929+00:00 erwin systemd[1]: Listening on uuidd.socket - UUID daemon activation socket.
2025-03-21T15:57:21.878932+00:00 erwin systemd[1]: systemd-pcrphase-sysinit.service - TPM2 PCR Barrier (Initialization) was skipped because of an unmet condition check (ConditionSecurity=measured-uki).
2025-03-21T15:57:21.878935+00:00 erwin systemd[1]: Listening on snapd.socket - Socket activation for snappy daemon.
2025-03-21T15:57:21.878939+00:00 erwin systemd[1]: Reached target sockets.target - Socket Units.
2025-03-21T15:57:21.878942+00:00 erwin systemd[1]: Reached target basic.target - Basic System.
2025-03-21T15:57:21.878947+00:00 erwin systemd[1]: Started anacron.service - Run anacron jobs.
2025-03-21T15:57:21.878951+00:00 erwin systemd[1]: Starting apport.service - automatic crash report generation...
2025-03-21T15:57:21.878954+00:00 erwin systemd[1]: Starting avahi-daemon.service - Avahi mDNS/DNS-SD Stack...
2025-03-21T15:57:21.878958+00:00 erwin systemd[1]: Starting dbus.service - D-Bus System Message Bus...
2025-03-21T15:57:21.878961+00:00 erwin systemd[1]: Started dmesg.service - Save initial kernel messages after boot.
2025-03-21T15:57:21.878964+00:00 erwin anacron[922]: Anacron 2.3 started on 2025-03-21
2025-03-21T15:57:21.878979+00:00 erwin systemd[1]: Starting e2scrub_reap.service - Remove Stale Online ext4 Metadata Check Snapshots...
2025-03-21T15:57:21.878983+00:00 erwin anacron[922]: Will run job `cron.daily' in 5 min.
2025-03-21T15:57:21.878986+00:00 erwin systemd[1]: getty-static.service - getty on tty2-tty6 if dbus and logind are not available was skipped because of an unmet condition check (ConditionPathExists=!/usr/bin/dbus-daemon).
2025-03-21T15:57:21.878989+00:00 erwin anacron[922]: Will run job `cron.weekly' in 10 min.
2025-03-21T15:57:21.878993+00:00 erwin systemd[1]: Reached target getty.target - Login Prompts.
2025-03-21T15:57:21.878996+00:00 erwin anacron[922]: Will run job `cron.monthly' in 15 min.
2025-03-21T15:57:21.879004+00:00 erwin systemd[1]: Starting gnome-remote-desktop.service - GNOME Remote Desktop...
2025-03-21T15:57:21.879007+00:00 erwin anacron[922]: Jobs will be executed sequentially
2025-03-21T15:57:21.879011+00:00 erwin systemd[1]: Starting gpu-manager.service - Detect the available GPUs and deal with any system changes...
2025-03-21T15:57:21.879014+00:00 erwin systemd[1]: Starting grub-common.service - Record successful boot for GRUB...
2025-03-21T15:57:21.879017+00:00 erwin avahi-daemon[924]: Found user 'avahi' (UID 108) and group 'avahi' (GID 111).
2025-03-21T15:57:21.879021+00:00 erwin systemd[1]: networkd-dispatcher.service - Dispatcher daemon for systemd-networkd was skipped because no trigger condition checks were met.
2025-03-21T15:57:21.879028+00:00 erwin systemd[1]: Starting polkit.service - Authorization Manager...
2025-03-21T15:57:21.879031+00:00 erwin systemd[1]: Starting power-profiles-daemon.service - Power Profiles daemon...
2025-03-21T15:57:21.879035+00:00 erwin systemd[1]: Starting rsyslog.service - System Logging Service...
2025-03-21T15:57:21.879038+00:00 erwin systemd[1]: secureboot-db.service - Secure Boot updates for DB and DBX was skipped because of an unmet condition check (ConditionPathExists=/sys/firmware/efi/efivars/db-d719b2cb-3d3a-4596-a3bc-dad00e67656f).
2025-03-21T15:57:21.879041+00:00 erwin systemd[1]: snapd.core-fixup.service - Automatically repair incorrect owner/permissions on core devices was skipped because no trigger condition checks were met.
2025-03-21T15:57:21.879045+00:00 erwin systemd[1]: snapd.recovery-chooser-trigger.service - Wait for the Ubuntu Core chooser trigger was skipped because of an unmet condition check (ConditionKernelCommandLine=snapd_recovery_mode).
2025-03-21T15:57:21.879053+00:00 erwin systemd[1]: Reached target getty-pre.target - Preparation for Logins.
2025-03-21T15:57:21.879056+00:00 erwin systemd[1]: Starting snapd.seeded.service - Wait until snapd is fully seeded...
2025-03-21T15:57:21.879059+00:00 erwin dbus-daemon[925]: dbus[925]: Unknown group "power" in message bus configuration file
2025-03-21T15:57:21.879063+00:00 erwin systemd[1]: Starting snapd.service - Snap Daemon...
2025-03-21T15:57:21.879067+00:00 erwin systemd[1]: Starting ssl-cert.service - Generate snakeoil SSL keypair...
2025-03-21T15:57:21.879070+00:00 erwin systemd[1]: sssd.service - System Security Services Daemon was skipped because no trigger condition checks were met.
2025-03-21T15:57:21.879078+00:00 erwin systemd[1]: Reached target nss-user-lookup.target - User and Group Name Lookups.
2025-03-21T15:57:21.879081+00:00 erwin systemd[1]: sssd-nss.socket: Bound to unit sssd.service, but unit isn't active.
2025-03-21T15:57:21.879085+00:00 erwin systemd[1]: Dependency failed for sssd-nss.socket - SSSD NSS Service responder socket.
2025-03-21T15:57:21.879088+00:00 erwin systemd[1]: sssd-nss.socket: Job sssd-nss.socket/start failed with result 'dependency'.
2025-03-21T15:57:21.879091+00:00 erwin systemd[1]: sssd-autofs.socket: Bound to unit sssd.service, but unit isn't active.
2025-03-21T15:57:21.879099+00:00 erwin systemd[1]: Dependency failed for sssd-autofs.socket - SSSD AutoFS Service responder socket.
2025-03-21T15:57:21.879102+00:00 erwin systemd[1]: sssd-autofs.socket: Job sssd-autofs.socket/start failed with result 'dependency'.
2025-03-21T15:57:21.879106+00:00 erwin systemd[1]: sssd-pac.socket: Bound to unit sssd.service, but unit isn't active.
2025-03-21T15:57:21.879109+00:00 erwin systemd[1]: Dependency failed for sssd-pac.socket - SSSD PAC Service responder socket.
2025-03-21T15:57:21.879113+00:00 erwin systemd[1]: sssd-pac.socket: Job sssd-pac.socket/start failed with result 'dependency'.
2025-03-21T15:57:21.879116+00:00 erwin systemd[1]: sssd-pam-priv.socket: Bound to unit sssd.service, but unit isn't active.
2025-03-21T15:57:21.879123+00:00 erwin systemd[1]: Dependency failed for sssd-pam-priv.socket - SSSD PAM Service responder private socket.
2025-03-21T15:57:21.879127+00:00 erwin systemd[1]: Dependency failed for sssd-pam.socket - SSSD PAM Service responder socket.
2025-03-21T15:57:21.879130+00:00 erwin systemd[1]: sssd-pam.socket: Job sssd-pam.socket/start failed with result 'dependency'.
2025-03-21T15:57:21.879133+00:00 erwin systemd[1]: sssd-pam-priv.socket: Job sssd-pam-priv.socket/start failed with result 'dependency'.
2025-03-21T15:57:21.879136+00:00 erwin systemd[1]: sssd-ssh.socket: Bound to unit sssd.service, but unit isn't active.
2025-03-21T15:57:21.879144+00:00 erwin systemd[1]: Dependency failed for sssd-ssh.socket - SSSD SSH Service responder socket.
2025-03-21T15:57:21.879147+00:00 erwin systemd[1]: sssd-ssh.socket: Job sssd-ssh.socket/start failed with result 'dependency'.
2025-03-21T15:57:21.879150+00:00 erwin systemd[1]: sssd-sudo.socket: Bound to unit sssd.service, but unit isn't active.
2025-03-21T15:57:21.879153+00:00 erwin systemd[1]: Dependency failed for sssd-sudo.socket - SSSD Sudo Service responder socket.
2025-03-21T15:57:21.879157+00:00 erwin systemd[1]: sssd-sudo.socket: Job sssd-sudo.socket/start failed with result 'dependency'.
2025-03-21T15:57:21.879160+00:00 erwin systemd[1]: Starting accounts-daemon.service - Accounts Service...
2025-03-21T15:57:21.879168+00:00 erwin systemd[1]: Started cron.service - Regular background program processing daemon.
2025-03-21T15:57:21.879172+00:00 erwin systemd[1]: Starting switcheroo-control.service - Switcheroo Control Proxy service...
2025-03-21T15:57:21.879175+00:00 erwin (cron)[951]: cron.service: Referenced but unset environment variable evaluates to an empty string: EXTRA_OPTS
2025-03-21T15:57:21.879178+00:00 erwin systemd[1]: Starting sysstat.service - Resets System Activity Logs...
2025-03-21T15:57:21.879181+00:00 erwin cron[951]: (CRON) INFO (pidfile fd = 3)
2025-03-21T15:57:21.879185+00:00 erwin dbus-daemon[925]: [system] AppArmor D-Bus mediation is enabled
2025-03-21T15:57:21.879192+00:00 erwin cron[951]: (CRON) INFO (Running @reboot jobs)
2025-03-21T15:57:21.879196+00:00 erwin systemd[1]: Starting systemd-logind.service - User Login Management...
2025-03-21T15:57:21.879200+00:00 erwin systemd[1]: systemd-pcrphase.service - TPM2 PCR Barrier (User) was skipped because of an unmet condition check (ConditionSecurity=measured-uki).
2025-03-21T15:57:21.879203+00:00 erwin systemd[1]: thermald.service - Thermal Daemon Service was skipped because of an unmet condition check (ConditionVirtualization=no).
2025-03-21T15:57:21.879206+00:00 erwin systemd[1]: ua-reboot-cmds.service - Ubuntu Pro reboot cmds was skipped because of an unmet condition check (ConditionPathExists=/var/lib/ubuntu-advantage/private/machine-token.json).
2025-03-21T15:57:21.879214+00:00 erwin dbus-daemon[925]: [system] Activating systemd to hand-off: service name='org.freedesktop.PolicyKit1' unit='polkit.service' requested by ':1.3' (uid=0 pid=940 comm="/usr/libexec/power-profiles-daemon" label="unconfined")
2025-03-21T15:57:21.879217+00:00 erwin systemd[1]: Starting udisks2.service - Disk Manager...
2025-03-21T15:57:21.879221+00:00 erwin systemd[1]: Started dbus.service - D-Bus System Message Bus.
2025-03-21T15:57:21.879224+00:00 erwin systemd[1]: Finished sysstat.service - Resets System Activity Logs.
2025-03-21T15:57:21.879227+00:00 erwin avahi-daemon[924]: Successfully dropped root privileges.
2025-03-21T15:57:21.879231+00:00 erwin avahi-daemon[924]: avahi-daemon 0.8 starting up.
2025-03-21T15:57:21.879238+00:00 erwin dbus-daemon[925]: [system] Successfully activated service 'org.freedesktop.systemd1'
2025-03-21T15:57:21.879242+00:00 erwin udisksd[972]: udisks daemon version 2.10.1 starting
2025-03-21T15:57:21.879245+00:00 erwin avahi-daemon[924]: Successfully called chroot().
2025-03-21T15:57:21.879248+00:00 erwin avahi-daemon[924]: Successfully dropped remaining capabilities.
2025-03-21T15:57:21.879252+00:00 erwin avahi-daemon[924]: No service file found in /etc/avahi/services.
2025-03-21T15:57:21.879256+00:00 erwin avahi-daemon[924]: Joining mDNS multicast group on interface lo.IPv6 with address ::1.
2025-03-21T15:57:21.879267+00:00 erwin avahi-daemon[924]: New relevant interface lo.IPv6 for mDNS.
2025-03-21T15:57:21.879272+00:00 erwin avahi-daemon[924]: Joining mDNS multicast group on interface lo.IPv4 with address 127.0.0.1.
2025-03-21T15:57:21.879276+00:00 erwin avahi-daemon[924]: New relevant interface lo.IPv4 for mDNS.
2025-03-21T15:57:21.879279+00:00 erwin avahi-daemon[924]: Network interface enumeration completed.
2025-03-21T15:57:21.879283+00:00 erwin avahi-daemon[924]: Registering new address record for ::1 on lo.*.
2025-03-21T15:57:21.879286+00:00 erwin avahi-daemon[924]: Registering new address record for 127.0.0.1 on lo.IPv4.
2025-03-21T15:57:21.879291+00:00 erwin systemd[1]: Starting NetworkManager.service - Network Manager...
2025-03-21T15:57:21.879297+00:00 erwin systemd[1]: Starting wpa_supplicant.service - WPA supplicant...
2025-03-21T15:57:21.879301+00:00 erwin systemd[1]: Started avahi-daemon.service - Avahi mDNS/DNS-SD Stack.
2025-03-21T15:57:21.879304+00:00 erwin systemd[1]: Started switcheroo-control.service - Switcheroo Control Proxy service.
2025-03-21T15:57:21.879307+00:00 erwin systemd[1]: alsa-state.service - Manage Sound Card State (restore and store) was skipped because of an unmet condition check (ConditionPathExists=/etc/alsa/state-daemon.conf).
2025-03-21T15:57:21.879311+00:00 erwin systemd[1]: Starting alsa-restore.service - Save/Restore Sound Card State...
2025-03-21T15:57:21.879318+00:00 erwin systemd[1]: grub-common.service: Deactivated successfully.
2025-03-21T15:57:21.879323+00:00 erwin systemd[1]: Finished grub-common.service - Record successful boot for GRUB.
2025-03-21T15:57:21.879340+00:00 erwin systemd[1]: Starting grub-initrd-fallback.service - GRUB failed boot detection...
2025-03-21T15:57:21.879348+00:00 erwin systemd[1]: Started systemd-logind.service - User Login Management.
2025-03-21T15:57:21.879352+00:00 erwin systemd[1]: gpu-manager.service: Deactivated successfully.
2025-03-21T15:57:21.879355+00:00 erwin systemd[1]: Finished gpu-manager.service - Detect the available GPUs and deal with any system changes.
2025-03-21T15:57:21.879358+00:00 erwin systemd[1]: Started wpa_supplicant.service - WPA supplicant.
2025-03-21T15:57:21.879362+00:00 erwin wpa_supplicant[983]: Successfully initialized wpa_supplicant
2025-03-21T15:57:21.879365+00:00 erwin alsactl[999]: /usr/sbin/alsactl: load_state:1689: Cannot open /var/lib/alsa/asound.state for reading: No such file or directory
2025-03-21T15:57:21.879372+00:00 erwin alsactl[999]: alsa-lib main.c:1554:(snd_use_case_mgr_open) error: failed to import hw:0 use case configuration -2
2025-03-21T15:57:21.879376+00:00 erwin alsactl[999]: Found hardware: "ICH" "Analog Devices AD1980" "AC97a:41445370" "0x1028" "0x0177"
2025-03-21T15:57:21.879379+00:00 erwin alsactl[999]: Hardware is initialized using a generic method
2025-03-21T15:57:21.879383+00:00 erwin systemd[1]: Finished alsa-restore.service - Save/Restore Sound Card State.
2025-03-21T15:57:21.879386+00:00 erwin systemd[1]: Reached target sound.target - Sound Card.
2025-03-21T15:57:21.879394+00:00 erwin polkitd[938]: Started polkitd version 124
2025-03-21T15:57:21.879397+00:00 erwin systemd[1]: grub-initrd-fallback.service: Deactivated successfully.
2025-03-21T15:57:21.879400+00:00 erwin systemd[1]: Finished grub-initrd-fallback.service - GRUB failed boot detection.
2025-03-21T15:57:21.881189+00:00 erwin gnome-remote-de[928]: Init TPM credentials failed because No TPM device found, using GKeyFile as fallback
2025-03-21T15:57:21.877054+00:00 erwin systemd[1]: Started rsyslog.service - System Logging Service.
2025-03-21T15:57:21.877836+00:00 erwin rsyslogd: imuxsock: Acquired UNIX socket '/run/systemd/journal/syslog' (fd 3) from systemd.  [v8.2312.0]
2025-03-21T15:57:21.879981+00:00 erwin dbus-daemon[925]: [system] Successfully activated service 'org.freedesktop.PolicyKit1'
2025-03-21T15:57:21.880662+00:00 erwin systemd[1]: Started polkit.service - Authorization Manager.
2025-03-21T15:57:21.880995+00:00 erwin NetworkManager[977]: <info>  [1742572641.8802] NetworkManager (version 1.46.0) is starting... (boot:b9373265-311d-45ed-bfc6-e26d4c9c0a03)
2025-03-21T15:57:21.881053+00:00 erwin NetworkManager[977]: <info>  [1742572641.8807] Read config: /etc/NetworkManager/NetworkManager.conf (lib: 10-dns-resolved.conf, 20-connectivity-ubuntu.conf, no-mac-addr-change.conf) (run: 10-globally-managed-devices.conf) (etc: default-wifi-powersave-on.conf)
2025-03-21T15:57:21.878200+00:00 erwin kernel: Linux version 6.11.0-19-generic (buildd@lcy02-amd64-014) (x86_64-linux-gnu-gcc-13 (Ubuntu 13.3.0-6ubuntu2~24.04) 13.3.0, GNU ld (GNU Binutils for Ubuntu) 2.42) #19~24.04.1-Ubuntu SMP PREEMPT_DYNAMIC Mon Feb 17 11:51:52 UTC 2 (Ubuntu 6.11.0-19.19~24.04.1-generic 6.11.11)
2025-03-21T15:57:21.881379+00:00 erwin kernel: Command line: BOOT_IMAGE=/boot/vmlinuz-6.11.0-19-generic root=UUID=36e5b7cb-17bf-41a3-85d7-6e16de248b77 ro quiet splash
2025-03-21T15:57:21.881382+00:00 erwin kernel: KERNEL supported cpus:
2025-03-21T15:57:21.881382+00:00 erwin kernel:   Intel GenuineIntel
2025-03-21T15:57:21.881383+00:00 erwin kernel:   AMD AuthenticAMD
2025-03-21T15:57:21.881383+00:00 erwin kernel:   Hygon HygonGenuine
2025-03-21T15:57:21.881384+00:00 erwin kernel:   Centaur CentaurHauls
2025-03-21T15:57:21.881386+00:00 erwin kernel:   zhaoxin   Shanghai  
2025-03-21T15:57:21.881387+00:00 erwin kernel: [Firmware Bug]: TSC doesn't count with P0 frequency!
2025-03-21T15:57:21.881388+00:00 erwin kernel: BIOS-provided physical RAM map:
2025-03-21T15:57:21.881388+00:00 erwin kernel: BIOS-e820: [mem 0x0000000000000000-0x000000000009fbff] usable
2025-03-21T15:57:21.881389+00:00 erwin kernel: BIOS-e820: [mem 0x000000000009fc00-0x000000000009ffff] reserved
2025-03-21T15:57:21.881389+00:00 erwin kernel: BIOS-e820: [mem 0x00000000000f0000-0x00000000000fffff] reserved
2025-03-21T15:57:21.881392+00:00 erwin kernel: BIOS-e820: [mem 0x0000000000100000-0x00000000dffeffff] usable
2025-03-21T15:57:21.881392+00:00 erwin kernel: BIOS-e820: [mem 0x00000000dfff0000-0x00000000dfffffff] ACPI data
2025-03-21T15:57:21.881393+00:00 erwin kernel: BIOS-e820: [mem 0x00000000fec00000-0x00000000fec00fff] reserved
2025-03-21T15:57:21.881393+00:00 erwin kernel: BIOS-e820: [mem 0x00000000fee00000-0x00000000fee00fff] reserved
2025-03-21T15:57:21.881394+00:00 erwin kernel: BIOS-e820: [mem 0x00000000fffc0000-0x00000000ffffffff] reserved
2025-03-21T15:57:21.881394+00:00 erwin kernel: BIOS-e820: [mem 0x0000000100000000-0x000000021fffffff] usable
2025-03-21T15:57:21.881395+00:00 erwin kernel: NX (Execute Disable) protection: active
2025-03-21T15:57:21.881397+00:00 erwin kernel: APIC: Static calls initialized
2025-03-21T15:57:21.881398+00:00 erwin kernel: SMBIOS 2.5 present.
2025-03-21T15:57:21.881398+00:00 erwin kernel: DMI: innotek GmbH VirtualBox/VirtualBox, BIOS VirtualBox 12/01/2006
2025-03-21T15:57:21.881399+00:00 erwin kernel: DMI: Memory slots populated: 0/0
2025-03-21T15:57:21.881399+00:00 erwin kernel: Hypervisor detected: KVM
2025-03-21T15:57:21.881399+00:00 erwin kernel: kvm-clock: Using msrs 4b564d01 and 4b564d00
2025-03-21T15:57:21.881402+00:00 erwin kernel: kvm-clock: using sched offset of 3472969540 cycles
2025-03-21T15:57:21.881402+00:00 erwin kernel: clocksource: kvm-clock: mask: 0xffffffffffffffff max_cycles: 0x1cd42e4dffb, max_idle_ns: 881590591483 ns
2025-03-21T15:57:21.881403+00:00 erwin kernel: tsc: Detected 3293.816 MHz processor
2025-03-21T15:57:21.881403+00:00 erwin kernel: e820: update [mem 0x00000000-0x00000fff] usable ==> reserved
2025-03-21T15:57:21.881404+00:00 erwin kernel: e820: remove [mem 0x000a0000-0x000fffff] usable
2025-03-21T15:57:21.881404+00:00 erwin kernel: last_pfn = 0x220000 max_arch_pfn = 0x400000000
2025-03-21T15:57:21.881407+00:00 erwin kernel: MTRR map: 5 entries (3 fixed + 2 variable; max 35), built from 16 variable MTRRs
2025-03-21T15:57:21.881407+00:00 erwin kernel: x86/PAT: Configuration [0-7]: WB  WC  UC- UC  WB  WP  UC- WT  
2025-03-21T15:57:21.881408+00:00 erwin kernel: e820: update [mem 0xe0000000-0xffffffff] usable ==> reserved
2025-03-21T15:57:21.881408+00:00 erwin kernel: last_pfn = 0xe0000 max_arch_pfn = 0x400000000
2025-03-21T15:57:21.881409+00:00 erwin kernel: found SMP MP-table at [mem 0x0009fbf0-0x0009fbff]
2025-03-21T15:57:21.881409+00:00 erwin kernel: RAMDISK: [mem 0x2fd7f000-0x33eb6fff]
2025-03-21T15:57:21.881410+00:00 erwin kernel: ACPI: Early table checksum verification disabled
2025-03-21T15:57:21.881412+00:00 erwin kernel: ACPI: RSDP 0x00000000000E0000 000024 (v02 VBOX  )
2025-03-21T15:57:21.881413+00:00 erwin kernel: ACPI: XSDT 0x00000000DFFF0030 00003C (v01 VBOX   VBOXXSDT 00000001 ASL  00000061)
2025-03-21T15:57:21.881413+00:00 erwin kernel: ACPI: FACP 0x00000000DFFF00F0 0000F4 (v04 VBOX   VBOXFACP 00000001 ASL  00000061)
2025-03-21T15:57:21.881414+00:00 erwin kernel: ACPI: DSDT 0x00000000DFFF0620 002353 (v02 VBOX   VBOXBIOS 00000002 INTL 20100528)
2025-03-21T15:57:21.881414+00:00 erwin kernel: ACPI: FACS 0x00000000DFFF0200 000040
2025-03-21T15:57:21.881415+00:00 erwin kernel: ACPI: FACS 0x00000000DFFF0200 000040
2025-03-21T15:57:21.881418+00:00 erwin kernel: ACPI: APIC 0x00000000DFFF0240 00006C (v02 VBOX   VBOXAPIC 00000001 ASL  00000061)
2025-03-21T15:57:21.881419+00:00 erwin kernel: ACPI: SSDT 0x00000000DFFF02B0 00036C (v01 VBOX   VBOXCPUT 00000002 INTL 20100528)
2025-03-21T15:57:21.881419+00:00 erwin kernel: ACPI: Reserving FACP table memory at [mem 0xdfff00f0-0xdfff01e3]
2025-03-21T15:57:21.881420+00:00 erwin kernel: ACPI: Reserving DSDT table memory at [mem 0xdfff0620-0xdfff2972]
2025-03-21T15:57:21.881420+00:00 erwin kernel: ACPI: Reserving FACS table memory at [mem 0xdfff0200-0xdfff023f]
2025-03-21T15:57:21.881421+00:00 erwin kernel: ACPI: Reserving FACS table memory at [mem 0xdfff0200-0xdfff023f]
2025-03-21T15:57:21.881423+00:00 erwin kernel: ACPI: Reserving APIC table memory at [mem 0xdfff0240-0xdfff02ab]
2025-03-21T15:57:21.881424+00:00 erwin kernel: ACPI: Reserving SSDT table memory at [mem 0xdfff02b0-0xdfff061b]
2025-03-21T15:57:21.881424+00:00 erwin kernel: No NUMA configuration found
2025-03-21T15:57:21.881425+00:00 erwin kernel: Faking a node at [mem 0x0000000000000000-0x000000021fffffff]
2025-03-21T15:57:21.881425+00:00 erwin kernel: NODE_DATA(0) allocated [mem 0x21ffd1000-0x21fffbfff]
2025-03-21T15:57:21.881426+00:00 erwin kernel: Zone ranges:
2025-03-21T15:57:21.881426+00:00 erwin kernel:   DMA      [mem 0x0000000000001000-0x0000000000ffffff]
2025-03-21T15:57:21.881428+00:00 erwin kernel:   DMA32    [mem 0x0000000001000000-0x00000000ffffffff]
2025-03-21T15:57:21.881429+00:00 erwin kernel:   Normal   [mem 0x0000000100000000-0x000000021fffffff]
2025-03-21T15:57:21.881430+00:00 erwin kernel:   Device   empty
2025-03-21T15:57:21.881430+00:00 erwin kernel: Movable zone start for each node
2025-03-21T15:57:21.881431+00:00 erwin kernel: Early memory node ranges
2025-03-21T15:57:21.881431+00:00 erwin kernel:   node   0: [mem 0x0000000000001000-0x000000000009efff]
2025-03-21T15:57:21.881433+00:00 erwin kernel:   node   0: [mem 0x0000000000100000-0x00000000dffeffff]
2025-03-21T15:57:21.881434+00:00 erwin kernel:   node   0: [mem 0x0000000100000000-0x000000021fffffff]
2025-03-21T15:57:21.881434+00:00 erwin kernel: Initmem setup node 0 [mem 0x0000000000001000-0x000000021fffffff]
2025-03-21T15:57:21.881435+00:00 erwin kernel: On node 0, zone DMA: 1 pages in unavailable ranges
2025-03-21T15:57:21.881435+00:00 erwin kernel: On node 0, zone DMA: 97 pages in unavailable ranges
2025-03-21T15:57:21.881436+00:00 erwin kernel: On node 0, zone Normal: 16 pages in unavailable ranges
2025-03-21T15:57:21.881438+00:00 erwin kernel: ACPI: PM-Timer IO Port: 0x4008
2025-03-21T15:57:21.881438+00:00 erwin kernel: IOAPIC[0]: apic_id 4, version 32, address 0xfec00000, GSI 0-23
2025-03-21T15:57:21.881439+00:00 erwin kernel: ACPI: INT_SRC_OVR (bus 0 bus_irq 0 global_irq 2 dfl dfl)
2025-03-21T15:57:21.881439+00:00 erwin kernel: ACPI: INT_SRC_OVR (bus 0 bus_irq 9 global_irq 9 low level)
2025-03-21T15:57:21.881440+00:00 erwin kernel: ACPI: Using ACPI (MADT) for SMP configuration information
2025-03-21T15:57:21.881440+00:00 erwin kernel: CPU topo: Max. logical packages:   1
2025-03-21T15:57:21.881441+00:00 erwin kernel: CPU topo: Max. logical dies:       1
2025-03-21T15:57:21.881443+00:00 erwin kernel: CPU topo: Max. dies per package:   1
2025-03-21T15:57:21.881444+00:00 erwin kernel: CPU topo: Max. threads per core:   1
2025-03-21T15:57:21.881444+00:00 erwin kernel: CPU topo: Num. cores per package:     4
2025-03-21T15:57:21.881445+00:00 erwin kernel: CPU topo: Num. threads per package:   4
2025-03-21T15:57:21.881445+00:00 erwin kernel: CPU topo: Allowing 4 present CPUs plus 0 hotplug CPUs
2025-03-21T15:57:21.881446+00:00 erwin kernel: PM: hibernation: Registered nosave memory: [mem 0x00000000-0x00000fff]
2025-03-21T15:57:21.881448+00:00 erwin kernel: PM: hibernation: Registered nosave memory: [mem 0x0009f000-0x0009ffff]
2025-03-21T15:57:21.881449+00:00 erwin kernel: PM: hibernation: Registered nosave memory: [mem 0x000a0000-0x000effff]
2025-03-21T15:57:21.881449+00:00 erwin kernel: PM: hibernation: Registered nosave memory: [mem 0x000f0000-0x000fffff]
2025-03-21T15:57:21.881450+00:00 erwin kernel: PM: hibernation: Registered nosave memory: [mem 0xdfff0000-0xdfffffff]
2025-03-21T15:57:21.881450+00:00 erwin kernel: PM: hibernation: Registered nosave memory: [mem 0xe0000000-0xfebfffff]
2025-03-21T15:57:21.881451+00:00 erwin kernel: PM: hibernation: Registered nosave memory: [mem 0xfec00000-0xfec00fff]
2025-03-21T15:57:21.881451+00:00 erwin kernel: PM: hibernation: Registered nosave memory: [mem 0xfec01000-0xfedfffff]
2025-03-21T15:57:21.881453+00:00 erwin kernel: PM: hibernation: Registered nosave memory: [mem 0xfee00000-0xfee00fff]
2025-03-21T15:57:21.881454+00:00 erwin kernel: PM: hibernation: Registered nosave memory: [mem 0xfee01000-0xfffbffff]
2025-03-21T15:57:21.881454+00:00 erwin kernel: PM: hibernation: Registered nosave memory: [mem 0xfffc0000-0xffffffff]
2025-03-21T15:57:21.881455+00:00 erwin kernel: [mem 0xe0000000-0xfebfffff] available for PCI devices
2025-03-21T15:57:21.881455+00:00 erwin kernel: Booting paravirtualized kernel on KVM
2025-03-21T15:57:21.881456+00:00 erwin kernel: clocksource: refined-jiffies: mask: 0xffffffff max_cycles: 0xffffffff, max_idle_ns: 1910969940391419 ns
2025-03-21T15:57:21.881458+00:00 erwin kernel: setup_percpu: NR_CPUS:8192 nr_cpumask_bits:4 nr_cpu_ids:4 nr_node_ids:1
2025-03-21T15:57:21.881459+00:00 erwin kernel: percpu: Embedded 88 pages/cpu s237568 r8192 d114688 u524288
2025-03-21T15:57:21.881459+00:00 erwin kernel: pcpu-alloc: s237568 r8192 d114688 u524288 alloc=1*2097152
2025-03-21T15:57:21.881460+00:00 erwin kernel: pcpu-alloc: [0] 0 1 2 3 
2025-03-21T15:57:21.881460+00:00 erwin kernel: kvm-guest: PV spinlocks enabled
2025-03-21T15:57:21.881461+00:00 erwin kernel: PV qspinlock hash table entries: 256 (order: 0, 4096 bytes, linear)
2025-03-21T15:57:21.881463+00:00 erwin kernel: Kernel command line: BOOT_IMAGE=/boot/vmlinuz-6.11.0-19-generic root=UUID=36e5b7cb-17bf-41a3-85d7-6e16de248b77 ro quiet splash
2025-03-21T15:57:21.881464+00:00 erwin kernel: Unknown kernel command line parameters "splash BOOT_IMAGE=/boot/vmlinuz-6.11.0-19-generic", will be passed to user space.
2025-03-21T15:57:21.881464+00:00 erwin kernel: random: crng init done
2025-03-21T15:57:21.881465+00:00 erwin kernel: Dentry cache hash table entries: 1048576 (order: 11, 8388608 bytes, linear)
2025-03-21T15:57:21.881465+00:00 erwin kernel: Inode-cache hash table entries: 524288 (order: 10, 4194304 bytes, linear)
2025-03-21T15:57:21.881566+00:00 erwin kernel: Fallback order for Node 0: 0 
2025-03-21T15:57:21.881571+00:00 erwin kernel: Built 1 zonelists, mobility grouping on.  Total pages: 2097038
2025-03-21T15:57:21.881571+00:00 erwin kernel: Policy zone: Normal
2025-03-21T15:57:21.881572+00:00 erwin kernel: mem auto-init: stack:all(zero), heap alloc:on, heap free:off
2025-03-21T15:57:21.881572+00:00 erwin kernel: software IO TLB: area num 4.
2025-03-21T15:57:21.881573+00:00 erwin kernel: SLUB: HWalign=64, Order=0-3, MinObjects=0, CPUs=4, Nodes=1
2025-03-21T15:57:21.881573+00:00 erwin kernel: ftrace: allocating 59199 entries in 232 pages
2025-03-21T15:57:21.881573+00:00 erwin kernel: ftrace: allocated 232 pages with 4 groups
2025-03-21T15:57:21.881576+00:00 erwin kernel: Dynamic Preempt: voluntary
2025-03-21T15:57:21.881576+00:00 erwin kernel: rcu: Preemptible hierarchical RCU implementation.
2025-03-21T15:57:21.881577+00:00 erwin kernel: rcu: 	RCU restricting CPUs from NR_CPUS=8192 to nr_cpu_ids=4.
2025-03-21T15:57:21.881577+00:00 erwin kernel: 	Trampoline variant of Tasks RCU enabled.
2025-03-21T15:57:21.881577+00:00 erwin kernel: 	Rude variant of Tasks RCU enabled.
2025-03-21T15:57:21.881578+00:00 erwin kernel: 	Tracing variant of Tasks RCU enabled.
2025-03-21T15:57:21.881580+00:00 erwin kernel: rcu: RCU calculated value of scheduler-enlistment delay is 100 jiffies.
2025-03-21T15:57:21.881580+00:00 erwin kernel: rcu: Adjusting geometry for rcu_fanout_leaf=16, nr_cpu_ids=4
2025-03-21T15:57:21.881581+00:00 erwin kernel: RCU Tasks: Setting shift to 2 and lim to 1 rcu_task_cb_adjust=1 rcu_task_cpu_ids=4.
2025-03-21T15:57:21.881581+00:00 erwin kernel: RCU Tasks Rude: Setting shift to 2 and lim to 1 rcu_task_cb_adjust=1 rcu_task_cpu_ids=4.
2025-03-21T15:57:21.881582+00:00 erwin kernel: RCU Tasks Trace: Setting shift to 2 and lim to 1 rcu_task_cb_adjust=1 rcu_task_cpu_ids=4.
2025-03-21T15:57:21.881582+00:00 erwin kernel: NR_IRQS: 524544, nr_irqs: 456, preallocated irqs: 16
2025-03-21T15:57:21.881585+00:00 erwin kernel: rcu: srcu_init: Setting srcu_struct sizes based on contention.
2025-03-21T15:57:21.881585+00:00 erwin kernel: Console: colour VGA+ 80x25
2025-03-21T15:57:21.881585+00:00 erwin kernel: printk: legacy console [tty0] enabled
2025-03-21T15:57:21.881586+00:00 erwin kernel: ACPI: Core revision 20240322
2025-03-21T15:57:21.881586+00:00 erwin kernel: APIC: Switch to symmetric I/O mode setup
2025-03-21T15:57:21.881587+00:00 erwin kernel: x2apic enabled
2025-03-21T15:57:21.881587+00:00 erwin kernel: APIC: Switched APIC routing to: physical x2apic
2025-03-21T15:57:21.881589+00:00 erwin kernel: ..TIMER: vector=0x30 apic1=0 pin1=2 apic2=-1 pin2=-1
2025-03-21T15:57:21.881590+00:00 erwin kernel: clocksource: tsc-early: mask: 0xffffffffffffffff max_cycles: 0x2f7a7a7f221, max_idle_ns: 440795289726 ns
2025-03-21T15:57:21.881590+00:00 erwin kernel: Calibrating delay loop (skipped) preset value.. 6587.63 BogoMIPS (lpj=3293816)
2025-03-21T15:57:21.881591+00:00 erwin kernel: Last level iTLB entries: 4KB 512, 2MB 512, 4MB 256
2025-03-21T15:57:21.881591+00:00 erwin kernel: Last level dTLB entries: 4KB 2048, 2MB 2048, 4MB 1024, 1GB 0
2025-03-21T15:57:21.881592+00:00 erwin kernel: Spectre V1 : Mitigation: usercopy/swapgs barriers and __user pointer sanitization
2025-03-21T15:57:21.881594+00:00 erwin kernel: Spectre V2 : Mitigation: Retpolines
2025-03-21T15:57:21.881594+00:00 erwin kernel: Spectre V2 : Spectre v2 / SpectreRSB mitigation: Filling RSB on context switch
2025-03-21T15:57:21.881595+00:00 erwin kernel: Spectre V2 : Spectre v2 / SpectreRSB : Filling RSB on VMEXIT
2025-03-21T15:57:21.881595+00:00 erwin kernel: Speculative Return Stack Overflow: IBPB-extending microcode not applied!
2025-03-21T15:57:21.881596+00:00 erwin kernel: Speculative Return Stack Overflow: WARNING: See https://kernel.org/doc/html/latest/admin-guide/hw-vuln/srso.html for mitigation options.
2025-03-21T15:57:21.881596+00:00 erwin kernel: Speculative Return Stack Overflow: Vulnerable: Safe RET, no microcode
2025-03-21T15:57:21.881598+00:00 erwin kernel: x86/fpu: Supporting XSAVE feature 0x001: 'x87 floating point registers'
2025-03-21T15:57:21.881599+00:00 erwin kernel: x86/fpu: Supporting XSAVE feature 0x002: 'SSE registers'
2025-03-21T15:57:21.881599+00:00 erwin kernel: x86/fpu: Supporting XSAVE feature 0x004: 'AVX registers'
2025-03-21T15:57:21.881600+00:00 erwin kernel: x86/fpu: xstate_offset[2]:  576, xstate_sizes[2]:  256
2025-03-21T15:57:21.881600+00:00 erwin kernel: x86/fpu: Enabled xstate features 0x7, context size is 832 bytes, using 'standard' format.
2025-03-21T15:57:21.881600+00:00 erwin kernel: Freeing SMP alternatives memory: 48K
2025-03-21T15:57:21.881601+00:00 erwin kernel: pid_max: default: 32768 minimum: 301
2025-03-21T15:57:21.881603+00:00 erwin kernel: LSM: initializing lsm=lockdown,capability,landlock,yama,apparmor,ima,evm
2025-03-21T15:57:21.881604+00:00 erwin kernel: landlock: Up and running.
2025-03-21T15:57:21.881604+00:00 erwin kernel: Yama: becoming mindful.
2025-03-21T15:57:21.881604+00:00 erwin kernel: AppArmor: AppArmor initialized
2025-03-21T15:57:21.881605+00:00 erwin kernel: Mount-cache hash table entries: 16384 (order: 5, 131072 bytes, linear)
2025-03-21T15:57:21.881605+00:00 erwin kernel: Mountpoint-cache hash table entries: 16384 (order: 5, 131072 bytes, linear)
2025-03-21T15:57:21.881607+00:00 erwin kernel: APIC calibration not consistent with PM-Timer: 98ms instead of 100ms
2025-03-21T15:57:21.881608+00:00 erwin kernel: APIC delta adjusted to PM-Timer: 6250015 (6184295)
2025-03-21T15:57:21.881608+00:00 erwin kernel: smpboot: CPU0: AMD Ryzen 5 6600H with Radeon Graphics (family: 0x19, model: 0x44, stepping: 0x1)
2025-03-21T15:57:21.881609+00:00 erwin kernel: Performance Events: PMU not available due to virtualization, using software events only.
2025-03-21T15:57:21.881609+00:00 erwin kernel: signal: max sigframe size: 1776
2025-03-21T15:57:21.881609+00:00 erwin kernel: rcu: Hierarchical SRCU implementation.
2025-03-21T15:57:21.881612+00:00 erwin kernel: rcu: 	Max phase no-delay instances is 400.
2025-03-21T15:57:21.881612+00:00 erwin kernel: Timer migration: 1 hierarchy levels; 8 children per group; 1 crossnode level
2025-03-21T15:57:21.881613+00:00 erwin kernel: NMI watchdog: Perf NMI watchdog permanently disabled
2025-03-21T15:57:21.881613+00:00 erwin kernel: smp: Bringing up secondary CPUs ...
2025-03-21T15:57:21.881613+00:00 erwin kernel: smpboot: x86: Booting SMP configuration:
2025-03-21T15:57:21.881614+00:00 erwin kernel: .... node  #0, CPUs:      #1 #2 #3
2025-03-21T15:57:21.881614+00:00 erwin kernel: smp: Brought up 1 node, 4 CPUs
2025-03-21T15:57:21.881620+00:00 erwin kernel: smpboot: Total of 4 processors activated (26350.52 BogoMIPS)
2025-03-21T15:57:21.881620+00:00 erwin kernel: Memory: 8048584K/8388152K available (22528K kernel code, 4518K rwdata, 14876K rodata, 5096K init, 4528K bss, 332028K reserved, 0K cma-reserved)
2025-03-21T15:57:21.881621+00:00 erwin kernel: devtmpfs: initialized
2025-03-21T15:57:21.881621+00:00 erwin kernel: x86/mm: Memory block size: 128MB
2025-03-21T15:57:21.881622+00:00 erwin kernel: clocksource: jiffies: mask: 0xffffffff max_cycles: 0xffffffff, max_idle_ns: 1911260446275000 ns
2025-03-21T15:57:21.881622+00:00 erwin kernel: futex hash table entries: 1024 (order: 4, 65536 bytes, linear)
2025-03-21T15:57:21.881624+00:00 erwin kernel: pinctrl core: initialized pinctrl subsystem
2025-03-21T15:57:21.881625+00:00 erwin kernel: PM: RTC time: 15:57:13, date: 2025-03-21
2025-03-21T15:57:21.881625+00:00 erwin kernel: NET: Registered PF_NETLINK/PF_ROUTE protocol family
2025-03-21T15:57:21.881625+00:00 erwin kernel: DMA: preallocated 1024 KiB GFP_KERNEL pool for atomic allocations
2025-03-21T15:57:21.881626+00:00 erwin kernel: DMA: preallocated 1024 KiB GFP_KERNEL|GFP_DMA pool for atomic allocations
2025-03-21T15:57:21.881626+00:00 erwin kernel: DMA: preallocated 1024 KiB GFP_KERNEL|GFP_DMA32 pool for atomic allocations
2025-03-21T15:57:21.881628+00:00 erwin kernel: audit: initializing netlink subsys (disabled)
2025-03-21T15:57:21.881629+00:00 erwin kernel: audit: type=2000 audit(1742572638.892:1): state=initialized audit_enabled=0 res=1
2025-03-21T15:57:21.881629+00:00 erwin kernel: thermal_sys: Registered thermal governor 'fair_share'
2025-03-21T15:57:21.881630+00:00 erwin kernel: thermal_sys: Registered thermal governor 'bang_bang'
2025-03-21T15:57:21.881630+00:00 erwin kernel: thermal_sys: Registered thermal governor 'step_wise'
2025-03-21T15:57:21.881631+00:00 erwin kernel: thermal_sys: Registered thermal governor 'user_space'
2025-03-21T15:57:21.881631+00:00 erwin kernel: thermal_sys: Registered thermal governor 'power_allocator'
2025-03-21T15:57:21.881633+00:00 erwin kernel: EISA bus registered
2025-03-21T15:57:21.881634+00:00 erwin kernel: cpuidle: using governor ladder
2025-03-21T15:57:21.881634+00:00 erwin kernel: cpuidle: using governor menu
2025-03-21T15:57:21.881634+00:00 erwin kernel: acpiphp: ACPI Hot Plug PCI Controller Driver version: 0.5
2025-03-21T15:57:21.881635+00:00 erwin kernel: PCI: Using configuration type 1 for base access
2025-03-21T15:57:21.881635+00:00 erwin kernel: PCI: Using configuration type 1 for extended access
2025-03-21T15:57:21.881637+00:00 erwin kernel: mtrr: your CPUs had inconsistent variable MTRR settings
2025-03-21T15:57:21.881638+00:00 erwin kernel: mtrr: probably your BIOS does not setup all CPUs.
2025-03-21T15:57:21.881638+00:00 erwin kernel: mtrr: corrected configuration.
2025-03-21T15:57:21.881639+00:00 erwin kernel: kprobes: kprobe jump-optimization is enabled. All kprobes are optimized if possible.
2025-03-21T15:57:21.881639+00:00 erwin kernel: HugeTLB: registered 2.00 MiB page size, pre-allocated 0 pages
2025-03-21T15:57:21.881639+00:00 erwin kernel: HugeTLB: 28 KiB vmemmap can be freed for a 2.00 MiB page
2025-03-21T15:57:21.881646+00:00 erwin kernel: ACPI: Added _OSI(Module Device)
2025-03-21T15:57:21.881647+00:00 erwin kernel: ACPI: Added _OSI(Processor Device)
2025-03-21T15:57:21.881647+00:00 erwin kernel: ACPI: Added _OSI(3.0 _SCP Extensions)
2025-03-21T15:57:21.881648+00:00 erwin kernel: ACPI: Added _OSI(Processor Aggregator Device)
2025-03-21T15:57:21.881648+00:00 erwin kernel: ACPI: 2 ACPI AML tables successfully acquired and loaded
2025-03-21T15:57:21.881676+00:00 erwin kernel: ACPI: Interpreter enabled
2025-03-21T15:57:21.881677+00:00 erwin kernel: ACPI: PM: (supports S0 S5)
2025-03-21T15:57:21.881682+00:00 erwin kernel: ACPI: Using IOAPIC for interrupt routing
2025-03-21T15:57:21.881683+00:00 erwin kernel: PCI: Using host bridge windows from ACPI; if necessary, use "pci=nocrs" and report a bug
2025-03-21T15:57:21.881683+00:00 erwin kernel: PCI: Using E820 reservations for host bridge windows
2025-03-21T15:57:21.881684+00:00 erwin kernel: ACPI: Enabled 2 GPEs in block 00 to 07
2025-03-21T15:57:21.881684+00:00 erwin kernel: ACPI: PCI Root Bridge [PCI0] (domain 0000 [bus 00-ff])
2025-03-21T15:57:21.881685+00:00 erwin kernel: acpi PNP0A03:00: _OSC: OS supports [ExtendedConfig ASPM ClockPM Segments MSI EDR HPX-Type3]
2025-03-21T15:57:21.881689+00:00 erwin kernel: acpi PNP0A03:00: _OSC: platform does not support [PCIeCapability LTR DPC]
2025-03-21T15:57:21.881755+00:00 erwin kernel: acpi PNP0A03:00: _OSC: not requesting control; platform does not support [PCIeCapability]
2025-03-21T15:57:21.881756+00:00 erwin kernel: acpi PNP0A03:00: _OSC: OS requested [PCIeHotplug SHPCHotplug PME AER PCIeCapability LTR DPC]
2025-03-21T15:57:21.881757+00:00 erwin kernel: acpi PNP0A03:00: _OSC: platform willing to grant [PCIeHotplug SHPCHotplug PME AER]
2025-03-21T15:57:21.881757+00:00 erwin kernel: acpi PNP0A03:00: _OSC: platform retains control of PCIe features (AE_SUPPORT)
2025-03-21T15:57:21.881758+00:00 erwin kernel: PCI host bridge to bus 0000:00
2025-03-21T15:57:21.881758+00:00 erwin kernel: pci_bus 0000:00: root bus resource [io  0x0000-0x0cf7 window]
2025-03-21T15:57:21.881763+00:00 erwin kernel: pci_bus 0000:00: root bus resource [io  0x0d00-0xffff window]
2025-03-21T15:57:21.881764+00:00 erwin kernel: pci_bus 0000:00: root bus resource [mem 0x000a0000-0x000bffff window]
2025-03-21T15:57:21.881764+00:00 erwin kernel: pci_bus 0000:00: root bus resource [mem 0xe0000000-0xfdffffff window]
2025-03-21T15:57:21.881765+00:00 erwin kernel: pci_bus 0000:00: root bus resource [bus 00-ff]
2025-03-21T15:57:21.881765+00:00 erwin kernel: pci 0000:00:00.0: [8086:1237] type 00 class 0x060000 conventional PCI endpoint
2025-03-21T15:57:21.881766+00:00 erwin kernel: pci 0000:00:01.0: [8086:7000] type 00 class 0x060100 conventional PCI endpoint
2025-03-21T15:57:21.881795+00:00 erwin kernel: pci 0000:00:01.1: [8086:7111] type 00 class 0x01018a conventional PCI endpoint
2025-03-21T15:57:21.881796+00:00 erwin kernel: pci 0000:00:01.1: BAR 4 [io  0xd000-0xd00f]
2025-03-21T15:57:21.881796+00:00 erwin kernel: pci 0000:00:01.1: BAR 0 [io  0x01f0-0x01f7]: legacy IDE quirk
2025-03-21T15:57:21.881797+00:00 erwin kernel: pci 0000:00:01.1: BAR 1 [io  0x03f6]: legacy IDE quirk
2025-03-21T15:57:21.881797+00:00 erwin kernel: pci 0000:00:01.1: BAR 2 [io  0x0170-0x0177]: legacy IDE quirk
2025-03-21T15:57:21.881798+00:00 erwin kernel: pci 0000:00:01.1: BAR 3 [io  0x0376]: legacy IDE quirk
2025-03-21T15:57:21.881802+00:00 erwin kernel: pci 0000:00:02.0: [15ad:0405] type 00 class 0x030000 conventional PCI endpoint
2025-03-21T15:57:21.881802+00:00 erwin kernel: pci 0000:00:02.0: BAR 0 [io  0xd010-0xd01f]
2025-03-21T15:57:21.881803+00:00 erwin kernel: pci 0000:00:02.0: BAR 1 [mem 0xe0000000-0xe0ffffff pref]
2025-03-21T15:57:21.881803+00:00 erwin kernel: pci 0000:00:02.0: BAR 2 [mem 0xf0000000-0xf01fffff]
2025-03-21T15:57:21.881803+00:00 erwin kernel: pci 0000:00:02.0: Video device with shadowed ROM at [mem 0x000c0000-0x000dffff]
2025-03-21T15:57:21.881804+00:00 erwin kernel: pci 0000:00:03.0: [8086:100e] type 00 class 0x020000 conventional PCI endpoint
2025-03-21T15:57:21.881804+00:00 erwin kernel: pci 0000:00:03.0: BAR 0 [mem 0xf0200000-0xf021ffff]
2025-03-21T15:57:21.881809+00:00 erwin kernel: pci 0000:00:03.0: BAR 2 [io  0xd020-0xd027]
2025-03-21T15:57:21.881809+00:00 erwin kernel: pci 0000:00:04.0: [80ee:cafe] type 00 class 0x088000 conventional PCI endpoint
2025-03-21T15:57:21.881809+00:00 erwin kernel: pci 0000:00:04.0: BAR 0 [io  0xd040-0xd05f]
2025-03-21T15:57:21.881810+00:00 erwin kernel: pci 0000:00:04.0: BAR 1 [mem 0xf0400000-0xf07fffff]
2025-03-21T15:57:21.881810+00:00 erwin kernel: pci 0000:00:04.0: BAR 2 [mem 0xf0800000-0xf0803fff pref]
2025-03-21T15:57:21.881811+00:00 erwin kernel: pci 0000:00:05.0: [8086:2415] type 00 class 0x040100 conventional PCI endpoint
2025-03-21T15:57:21.881815+00:00 erwin kernel: pci 0000:00:05.0: BAR 0 [io  0xd100-0xd1ff]
2025-03-21T15:57:21.881815+00:00 erwin kernel: pci 0000:00:05.0: BAR 1 [io  0xd200-0xd23f]
2025-03-21T15:57:21.881816+00:00 erwin kernel: pci 0000:00:06.0: [106b:003f] type 00 class 0x0c0310 conventional PCI endpoint
2025-03-21T15:57:21.881816+00:00 erwin kernel: pci 0000:00:06.0: BAR 0 [mem 0xf0804000-0xf0804fff]
2025-03-21T15:57:21.881817+00:00 erwin kernel: pci 0000:00:07.0: [8086:7113] type 00 class 0x068000 conventional PCI endpoint
2025-03-21T15:57:21.881817+00:00 erwin kernel: pci 0000:00:07.0: quirk: [io  0x4000-0x403f] claimed by PIIX4 ACPI
2025-03-21T15:57:21.881818+00:00 erwin kernel: pci 0000:00:07.0: quirk: [io  0x4100-0x410f] claimed by PIIX4 SMB
2025-03-21T15:57:21.881822+00:00 erwin kernel: pci 0000:00:0b.0: [8086:265c] type 00 class 0x0c0320 conventional PCI endpoint
2025-03-21T15:57:21.881822+00:00 erwin kernel: pci 0000:00:0b.0: BAR 0 [mem 0xf0805000-0xf0805fff]
2025-03-21T15:57:21.881823+00:00 erwin kernel: pci 0000:00:0d.0: [8086:2829] type 00 class 0x010601 conventional PCI endpoint
2025-03-21T15:57:21.881823+00:00 erwin kernel: pci 0000:00:0d.0: BAR 0 [io  0xd240-0xd247]
2025-03-21T15:57:21.881824+00:00 erwin kernel: pci 0000:00:0d.0: BAR 1 [io  0xd248-0xd24b]
2025-03-21T15:57:21.881824+00:00 erwin kernel: pci 0000:00:0d.0: BAR 2 [io  0xd250-0xd257]
2025-03-21T15:57:21.881828+00:00 erwin kernel: pci 0000:00:0d.0: BAR 3 [io  0xd258-0xd25b]
2025-03-21T15:57:21.881829+00:00 erwin kernel: pci 0000:00:0d.0: BAR 4 [io  0xd260-0xd26f]
2025-03-21T15:57:21.881829+00:00 erwin kernel: pci 0000:00:0d.0: BAR 5 [mem 0xf0806000-0xf0807fff]
2025-03-21T15:57:21.881830+00:00 erwin kernel: ACPI: PCI: Interrupt link LNKA configured for IRQ 11
2025-03-21T15:57:21.881830+00:00 erwin kernel: ACPI: PCI: Interrupt link LNKB configured for IRQ 10
2025-03-21T15:57:21.881831+00:00 erwin kernel: ACPI: PCI: Interrupt link LNKC configured for IRQ 9
2025-03-21T15:57:21.881835+00:00 erwin kernel: ACPI: PCI: Interrupt link LNKD configured for IRQ 11
2025-03-21T15:57:21.881835+00:00 erwin kernel: iommu: Default domain type: Translated
2025-03-21T15:57:21.881836+00:00 erwin kernel: iommu: DMA domain TLB invalidation policy: lazy mode
2025-03-21T15:57:21.881836+00:00 erwin kernel: SCSI subsystem initialized
2025-03-21T15:57:21.881837+00:00 erwin kernel: libata version 3.00 loaded.
2025-03-21T15:57:21.881837+00:00 erwin kernel: ACPI: bus type USB registered
2025-03-21T15:57:21.881838+00:00 erwin kernel: usbcore: registered new interface driver usbfs
2025-03-21T15:57:21.881842+00:00 erwin kernel: usbcore: registered new interface driver hub
2025-03-21T15:57:21.881842+00:00 erwin kernel: usbcore: registered new device driver usb
2025-03-21T15:57:21.881843+00:00 erwin kernel: pps_core: LinuxPPS API ver. 1 registered
2025-03-21T15:57:21.881843+00:00 erwin kernel: pps_core: Software ver. 5.3.6 - Copyright 2005-2007 Rodolfo Giometti <giometti@linux.it>
2025-03-21T15:57:21.881844+00:00 erwin kernel: PTP clock support registered
2025-03-21T15:57:21.881844+00:00 erwin kernel: EDAC MC: Ver: 3.0.0
2025-03-21T15:57:21.881848+00:00 erwin kernel: NetLabel: Initializing
2025-03-21T15:57:21.881849+00:00 erwin kernel: NetLabel:  domain hash size = 128
2025-03-21T15:57:21.881849+00:00 erwin kernel: NetLabel:  protocols = UNLABELED CIPSOv4 CALIPSO
2025-03-21T15:57:21.881850+00:00 erwin kernel: NetLabel:  unlabeled traffic allowed by default
2025-03-21T15:57:21.881850+00:00 erwin kernel: mctp: management component transport protocol core
2025-03-21T15:57:21.881851+00:00 erwin kernel: NET: Registered PF_MCTP protocol family
2025-03-21T15:57:21.881851+00:00 erwin kernel: PCI: Using ACPI for IRQ routing
2025-03-21T15:57:21.881855+00:00 erwin kernel: PCI: pci_cache_line_size set to 64 bytes
2025-03-21T15:57:21.881856+00:00 erwin kernel: e820: reserve RAM buffer [mem 0x0009fc00-0x0009ffff]
2025-03-21T15:57:21.881856+00:00 erwin kernel: e820: reserve RAM buffer [mem 0xdfff0000-0xdfffffff]
2025-03-21T15:57:21.881857+00:00 erwin kernel: pci 0000:00:02.0: vgaarb: setting as boot VGA device
2025-03-21T15:57:21.881857+00:00 erwin kernel: pci 0000:00:02.0: vgaarb: bridge control possible
2025-03-21T15:57:21.881857+00:00 erwin kernel: pci 0000:00:02.0: vgaarb: VGA device added: decodes=io+mem,owns=io+mem,locks=none
2025-03-21T15:57:21.881862+00:00 erwin kernel: vgaarb: loaded
2025-03-21T15:57:21.881862+00:00 erwin kernel: clocksource: Switched to clocksource kvm-clock
2025-03-21T15:57:21.881862+00:00 erwin kernel: VFS: Disk quotas dquot_6.6.0
2025-03-21T15:57:21.881863+00:00 erwin kernel: VFS: Dquot-cache hash table entries: 512 (order 0, 4096 bytes)
2025-03-21T15:57:21.881863+00:00 erwin kernel: AppArmor: AppArmor Filesystem Enabled
2025-03-21T15:57:21.881864+00:00 erwin kernel: pnp: PnP ACPI init
2025-03-21T15:57:21.881868+00:00 erwin kernel: pnp: PnP ACPI: found 2 devices
2025-03-21T15:57:21.881868+00:00 erwin kernel: clocksource: acpi_pm: mask: 0xffffff max_cycles: 0xffffff, max_idle_ns: 2085701024 ns
2025-03-21T15:57:21.881869+00:00 erwin kernel: NET: Registered PF_INET protocol family
2025-03-21T15:57:21.881869+00:00 erwin kernel: IP idents hash table entries: 131072 (order: 8, 1048576 bytes, linear)
2025-03-21T15:57:21.881869+00:00 erwin kernel: tcp_listen_portaddr_hash hash table entries: 4096 (order: 4, 65536 bytes, linear)
2025-03-21T15:57:21.881870+00:00 erwin kernel: Table-perturb hash table entries: 65536 (order: 6, 262144 bytes, linear)
2025-03-21T15:57:21.881870+00:00 erwin kernel: TCP established hash table entries: 65536 (order: 7, 524288 bytes, linear)
2025-03-21T15:57:21.881876+00:00 erwin kernel: TCP bind hash table entries: 65536 (order: 9, 2097152 bytes, linear)
2025-03-21T15:57:21.881876+00:00 erwin kernel: TCP: Hash tables configured (established 65536 bind 65536)
2025-03-21T15:57:21.881877+00:00 erwin kernel: MPTCP token hash table entries: 8192 (order: 5, 196608 bytes, linear)
2025-03-21T15:57:21.881877+00:00 erwin kernel: UDP hash table entries: 4096 (order: 5, 131072 bytes, linear)
2025-03-21T15:57:21.881878+00:00 erwin kernel: UDP-Lite hash table entries: 4096 (order: 5, 131072 bytes, linear)
2025-03-21T15:57:21.881879+00:00 erwin kernel: NET: Registered PF_UNIX/PF_LOCAL protocol family
2025-03-21T15:57:21.881883+00:00 erwin kernel: NET: Registered PF_XDP protocol family
2025-03-21T15:57:21.881883+00:00 erwin kernel: pci_bus 0000:00: resource 4 [io  0x0000-0x0cf7 window]
2025-03-21T15:57:21.881884+00:00 erwin kernel: pci_bus 0000:00: resource 5 [io  0x0d00-0xffff window]
2025-03-21T15:57:21.881884+00:00 erwin kernel: pci_bus 0000:00: resource 6 [mem 0x000a0000-0x000bffff window]
2025-03-21T15:57:21.881885+00:00 erwin kernel: pci_bus 0000:00: resource 7 [mem 0xe0000000-0xfdffffff window]
2025-03-21T15:57:21.881885+00:00 erwin kernel: pci 0000:00:00.0: Limiting direct PCI/PCI transfers
2025-03-21T15:57:21.881886+00:00 erwin kernel: PCI: CLS 0 bytes, default 64
2025-03-21T15:57:21.881890+00:00 erwin kernel: PCI-DMA: Using software bounce buffering for IO (SWIOTLB)
2025-03-21T15:57:21.881890+00:00 erwin kernel: software IO TLB: mapped [mem 0x00000000dbff0000-0x00000000dfff0000] (64MB)
2025-03-21T15:57:21.881891+00:00 erwin kernel: clocksource: tsc: mask: 0xffffffffffffffff max_cycles: 0x2f7a7a7f221, max_idle_ns: 440795289726 ns
2025-03-21T15:57:21.881891+00:00 erwin kernel: clocksource: Switched to clocksource tsc
2025-03-21T15:57:21.881892+00:00 erwin kernel: platform rtc_cmos: registered platform RTC device (no PNP device found)
2025-03-21T15:57:21.881892+00:00 erwin kernel: Trying to unpack rootfs image as initramfs...
2025-03-21T15:57:21.881896+00:00 erwin kernel: Initialise system trusted keyrings
2025-03-21T15:57:21.881897+00:00 erwin kernel: Key type blacklist registered
2025-03-21T15:57:21.881957+00:00 erwin kernel: workingset: timestamp_bits=36 max_order=21 bucket_order=0
2025-03-21T15:57:21.881957+00:00 erwin kernel: zbud: loaded
2025-03-21T15:57:21.881958+00:00 erwin kernel: squashfs: version 4.0 (2009/01/31) Phillip Lougher
2025-03-21T15:57:21.881958+00:00 erwin kernel: fuse: init (API version 7.40)
2025-03-21T15:57:21.881962+00:00 erwin kernel: integrity: Platform Keyring initialized
2025-03-21T15:57:21.881963+00:00 erwin kernel: integrity: Machine keyring initialized
2025-03-21T15:57:21.881963+00:00 erwin kernel: Key type asymmetric registered
2025-03-21T15:57:21.881963+00:00 erwin kernel: Asymmetric key parser 'x509' registered
2025-03-21T15:57:21.881964+00:00 erwin kernel: Block layer SCSI generic (bsg) driver version 0.4 loaded (major 243)
2025-03-21T15:57:21.881964+00:00 erwin kernel: io scheduler mq-deadline registered
2025-03-21T15:57:21.881965+00:00 erwin kernel: shpchp: Standard Hot Plug PCI Controller Driver version: 0.4
2025-03-21T15:57:21.881969+00:00 erwin kernel: ACPI: AC: AC Adapter [AC] (on-line)
2025-03-21T15:57:21.881969+00:00 erwin kernel: input: Power Button as /devices/LNXSYSTM:00/LNXPWRBN:00/input/input0
2025-03-21T15:57:21.881970+00:00 erwin kernel: ACPI: button: Power Button [PWRF]
2025-03-21T15:57:21.881970+00:00 erwin kernel: input: Sleep Button as /devices/LNXSYSTM:00/LNXSLPBN:00/input/input1
2025-03-21T15:57:21.881971+00:00 erwin kernel: ACPI: button: Sleep Button [SLPF]
2025-03-21T15:57:21.881971+00:00 erwin kernel: Serial: 8250/16550 driver, 32 ports, IRQ sharing enabled
2025-03-21T15:57:21.881975+00:00 erwin kernel: ACPI: battery: Slot [BAT0] (battery present)
2025-03-21T15:57:21.881975+00:00 erwin kernel: Linux agpgart interface v0.103
2025-03-21T15:57:21.881976+00:00 erwin kernel: loop: module loaded
2025-03-21T15:57:21.881976+00:00 erwin kernel: ata_piix 0000:00:01.1: version 2.13
2025-03-21T15:57:21.881977+00:00 erwin kernel: scsi host0: ata_piix
2025-03-21T15:57:21.881977+00:00 erwin kernel: scsi host1: ata_piix
2025-03-21T15:57:21.881978+00:00 erwin kernel: ata1: PATA max UDMA/33 cmd 0x1f0 ctl 0x3f6 bmdma 0xd000 irq 14 lpm-pol 0
2025-03-21T15:57:21.881982+00:00 erwin kernel: ata2: PATA max UDMA/33 cmd 0x170 ctl 0x376 bmdma 0xd008 irq 15 lpm-pol 0
2025-03-21T15:57:21.881982+00:00 erwin kernel: ACPI: bus type drm_connector registered
2025-03-21T15:57:21.881983+00:00 erwin kernel: tun: Universal TUN/TAP device driver, 1.6
2025-03-21T15:57:21.881983+00:00 erwin kernel: PPP generic driver version 2.4.2
2025-03-21T15:57:21.881983+00:00 erwin kernel: ohci-pci 0000:00:06.0: OHCI PCI host controller
2025-03-21T15:57:21.881984+00:00 erwin kernel: ohci-pci 0000:00:06.0: new USB bus registered, assigned bus number 1
2025-03-21T15:57:21.881988+00:00 erwin kernel: ohci-pci 0000:00:06.0: irq 22, io mem 0xf0804000
2025-03-21T15:57:21.881988+00:00 erwin kernel: usb usb1: New USB device found, idVendor=1d6b, idProduct=0001, bcdDevice= 6.11
2025-03-21T15:57:21.881989+00:00 erwin kernel: usb usb1: New USB device strings: Mfr=3, Product=2, SerialNumber=1
2025-03-21T15:57:21.881989+00:00 erwin kernel: usb usb1: Product: OHCI PCI host controller
2025-03-21T15:57:21.881990+00:00 erwin kernel: usb usb1: Manufacturer: Linux 6.11.0-19-generic ohci_hcd
2025-03-21T15:57:21.881990+00:00 erwin kernel: usb usb1: SerialNumber: 0000:00:06.0
2025-03-21T15:57:21.881997+00:00 erwin kernel: hub 1-0:1.0: USB hub found
2025-03-21T15:57:21.881998+00:00 erwin kernel: hub 1-0:1.0: 12 ports detected
2025-03-21T15:57:21.881998+00:00 erwin kernel: ehci-pci 0000:00:0b.0: EHCI Host Controller
2025-03-21T15:57:21.881998+00:00 erwin kernel: ehci-pci 0000:00:0b.0: new USB bus registered, assigned bus number 2
2025-03-21T15:57:21.881999+00:00 erwin kernel: i8042: PNP: PS/2 Controller [PNP0303:PS2K,PNP0f03:PS2M] at 0x60,0x64 irq 1,12
2025-03-21T15:57:21.881999+00:00 erwin kernel: ehci-pci 0000:00:0b.0: irq 19, io mem 0xf0805000
2025-03-21T15:57:21.882000+00:00 erwin kernel: serio: i8042 KBD port at 0x60,0x64 irq 1
2025-03-21T15:57:21.882004+00:00 erwin kernel: serio: i8042 AUX port at 0x60,0x64 irq 12
2025-03-21T15:57:21.882004+00:00 erwin kernel: mousedev: PS/2 mouse device common for all mice
2025-03-21T15:57:21.882005+00:00 erwin kernel: input: AT Translated Set 2 keyboard as /devices/platform/i8042/serio0/input/input2
2025-03-21T15:57:21.882005+00:00 erwin kernel: rtc_cmos rtc_cmos: registered as rtc0
2025-03-21T15:57:21.882005+00:00 erwin kernel: rtc_cmos rtc_cmos: setting system clock to 2025-03-21T15:57:13 UTC (1742572633)
2025-03-21T15:57:21.882006+00:00 erwin kernel: rtc_cmos rtc_cmos: alarms up to one day, 114 bytes nvram
2025-03-21T15:57:21.882010+00:00 erwin kernel: i2c_dev: i2c /dev entries driver
2025-03-21T15:57:21.882010+00:00 erwin kernel: device-mapper: core: CONFIG_IMA_DISABLE_HTABLE is disabled. Duplicate IMA measurements will not be recorded in the IMA log.
2025-03-21T15:57:21.882011+00:00 erwin kernel: device-mapper: uevent: version 1.0.3
2025-03-21T15:57:21.882011+00:00 erwin kernel: device-mapper: ioctl: 4.48.0-ioctl (2023-03-01) initialised: dm-devel@lists.linux.dev
2025-03-21T15:57:21.882012+00:00 erwin kernel: platform eisa.0: Probing EISA bus 0
2025-03-21T15:57:21.882012+00:00 erwin kernel: platform eisa.0: EISA: Cannot allocate resource for mainboard
2025-03-21T15:57:21.882016+00:00 erwin kernel: platform eisa.0: Cannot allocate resource for EISA slot 1
2025-03-21T15:57:21.882016+00:00 erwin kernel: platform eisa.0: Cannot allocate resource for EISA slot 2
2025-03-21T15:57:21.882017+00:00 erwin kernel: platform eisa.0: Cannot allocate resource for EISA slot 3
2025-03-21T15:57:21.882017+00:00 erwin kernel: platform eisa.0: Cannot allocate resource for EISA slot 4
2025-03-21T15:57:21.882018+00:00 erwin kernel: platform eisa.0: Cannot allocate resource for EISA slot 5
2025-03-21T15:57:21.882018+00:00 erwin kernel: platform eisa.0: Cannot allocate resource for EISA slot 6
2025-03-21T15:57:21.882019+00:00 erwin kernel: platform eisa.0: Cannot allocate resource for EISA slot 7
2025-03-21T15:57:21.882023+00:00 erwin kernel: platform eisa.0: Cannot allocate resource for EISA slot 8
2025-03-21T15:57:21.882023+00:00 erwin kernel: platform eisa.0: EISA: Detected 0 cards
2025-03-21T15:57:21.882024+00:00 erwin kernel: amd_pstate: The CPPC feature is supported but currently disabled by the BIOS.
2025-03-21T15:57:21.882024+00:00 erwin kernel: Please enable it if your BIOS has the CPPC option.
2025-03-21T15:57:21.882024+00:00 erwin kernel: amd_pstate: the _CPC object is not present in SBIOS or ACPI disabled
2025-03-21T15:57:21.882025+00:00 erwin kernel: ledtrig-cpu: registered to indicate activity on CPUs
2025-03-21T15:57:21.882029+00:00 erwin kernel: drop_monitor: Initializing network drop monitor service
2025-03-21T15:57:21.882029+00:00 erwin kernel: NET: Registered PF_INET6 protocol family
2025-03-21T15:57:21.882030+00:00 erwin kernel: ehci-pci 0000:00:0b.0: USB 2.0 started, EHCI 1.00
2025-03-21T15:57:21.882030+00:00 erwin kernel: usb usb2: New USB device found, idVendor=1d6b, idProduct=0002, bcdDevice= 6.11
2025-03-21T15:57:21.882031+00:00 erwin kernel: usb usb2: New USB device strings: Mfr=3, Product=2, SerialNumber=1
2025-03-21T15:57:21.882031+00:00 erwin kernel: usb usb2: Product: EHCI Host Controller
2025-03-21T15:57:21.882032+00:00 erwin kernel: usb usb2: Manufacturer: Linux 6.11.0-19-generic ehci_hcd
2025-03-21T15:57:21.882036+00:00 erwin kernel: usb usb2: SerialNumber: 0000:00:0b.0
2025-03-21T15:57:21.882036+00:00 erwin kernel: hub 2-0:1.0: USB hub found
2025-03-21T15:57:21.882037+00:00 erwin kernel: hub 2-0:1.0: 12 ports detected
2025-03-21T15:57:21.882037+00:00 erwin kernel: Freeing initrd memory: 66784K
2025-03-21T15:57:21.882038+00:00 erwin kernel: Segment Routing with IPv6
2025-03-21T15:57:21.882038+00:00 erwin kernel: In-situ OAM (IOAM) with IPv6
2025-03-21T15:57:21.882042+00:00 erwin kernel: NET: Registered PF_PACKET protocol family
2025-03-21T15:57:21.882043+00:00 erwin kernel: Key type dns_resolver registered
2025-03-21T15:57:21.882043+00:00 erwin kernel: IPI shorthand broadcast: enabled
2025-03-21T15:57:21.882043+00:00 erwin kernel: sched_clock: Marking stable (420583028, 7260944)->(542065240, -114221268)
2025-03-21T15:57:21.882044+00:00 erwin kernel: registered taskstats version 1
2025-03-21T15:57:21.882044+00:00 erwin kernel: Loading compiled-in X.509 certificates
2025-03-21T15:57:21.882048+00:00 erwin kernel: Loaded X.509 cert 'Build time autogenerated kernel key: 81facc2b0c2c6f4a0b463946bfa0b8ef0d12a9eb'
2025-03-21T15:57:21.882049+00:00 erwin kernel: Loaded X.509 cert 'Canonical Ltd. Live Patch Signing: 14df34d1a87cf37625abec039ef2bf521249b969'
2025-03-21T15:57:21.882049+00:00 erwin kernel: Loaded X.509 cert 'Canonical Ltd. Kernel Module Signing: 88f752e560a1e0737e31163a466ad7b70a850c19'
2025-03-21T15:57:21.882050+00:00 erwin kernel: blacklist: Loading compiled-in revocation X.509 certificates
2025-03-21T15:57:21.882050+00:00 erwin kernel: Loaded X.509 cert 'Canonical Ltd. Secure Boot Signing: 61482aa2830d0ab2ad5af10b7250da9033ddcef0'
2025-03-21T15:57:21.882050+00:00 erwin kernel: Loaded X.509 cert 'Canonical Ltd. Secure Boot Signing (2017): 242ade75ac4a15e50d50c84b0d45ff3eae707a03'
2025-03-21T15:57:21.882051+00:00 erwin kernel: Loaded X.509 cert 'Canonical Ltd. Secure Boot Signing (ESM 2018): 365188c1d374d6b07c3c8f240f8ef722433d6a8b'
2025-03-21T15:57:21.882055+00:00 erwin kernel: Loaded X.509 cert 'Canonical Ltd. Secure Boot Signing (2019): c0746fd6c5da3ae827864651ad66ae47fe24b3e8'
2025-03-21T15:57:21.882055+00:00 erwin kernel: Loaded X.509 cert 'Canonical Ltd. Secure Boot Signing (2021 v1): a8d54bbb3825cfb94fa13c9f8a594a195c107b8d'
2025-03-21T15:57:21.882056+00:00 erwin kernel: Loaded X.509 cert 'Canonical Ltd. Secure Boot Signing (2021 v2): 4cf046892d6fd3c9a5b03f98d845f90851dc6a8c'
2025-03-21T15:57:21.882056+00:00 erwin kernel: Loaded X.509 cert 'Canonical Ltd. Secure Boot Signing (2021 v3): 100437bb6de6e469b581e61cd66bce3ef4ed53af'
2025-03-21T15:57:21.882057+00:00 erwin kernel: Loaded X.509 cert 'Canonical Ltd. Secure Boot Signing (Ubuntu Core 2019): c1d57b8f6b743f23ee41f4f7ee292f06eecadfb9'
2025-03-21T15:57:21.882061+00:00 erwin kernel: Demotion targets for Node 0: null
2025-03-21T15:57:21.882061+00:00 erwin kernel: Key type .fscrypt registered
2025-03-21T15:57:21.882062+00:00 erwin kernel: Key type fscrypt-provisioning registered
2025-03-21T15:57:21.882062+00:00 erwin kernel: Key type encrypted registered
2025-03-21T15:57:21.882063+00:00 erwin kernel: AppArmor: AppArmor sha256 policy hashing enabled
2025-03-21T15:57:21.882063+00:00 erwin kernel: ima: No TPM chip found, activating TPM-bypass!
2025-03-21T15:57:21.882067+00:00 erwin kernel: Loading compiled-in module X.509 certificates
2025-03-21T15:57:21.882068+00:00 erwin kernel: Loaded X.509 cert 'Build time autogenerated kernel key: 81facc2b0c2c6f4a0b463946bfa0b8ef0d12a9eb'
2025-03-21T15:57:21.882068+00:00 erwin kernel: ima: Allocated hash algorithm: sha256
2025-03-21T15:57:21.882868+00:00 erwin rsyslogd: rsyslogd's groupid changed to 102
2025-03-21T15:57:21.882918+00:00 erwin rsyslogd: rsyslogd's userid changed to 102
2025-03-21T15:57:21.882943+00:00 erwin rsyslogd: [origin software="rsyslogd" swVersion="8.2312.0" x-pid="994" x-info="https://www.rsyslog.com"] start
2025-03-21T15:57:21.882069+00:00 erwin kernel: ima: No architecture policies found
2025-03-21T15:57:21.888680+00:00 erwin kernel: evm: Initialising EVM extended attributes:
2025-03-21T15:57:21.888683+00:00 erwin kernel: evm: security.selinux
2025-03-21T15:57:21.888684+00:00 erwin kernel: evm: security.SMACK64
2025-03-21T15:57:21.888685+00:00 erwin kernel: evm: security.SMACK64EXEC
2025-03-21T15:57:21.888782+00:00 erwin kernel: evm: security.SMACK64TRANSMUTE
2025-03-21T15:57:21.888784+00:00 erwin kernel: evm: security.SMACK64MMAP
2025-03-21T15:57:21.888784+00:00 erwin kernel: evm: security.apparmor
2025-03-21T15:57:21.888785+00:00 erwin kernel: evm: security.ima
2025-03-21T15:57:21.888785+00:00 erwin kernel: evm: security.capability
2025-03-21T15:57:21.888786+00:00 erwin kernel: evm: HMAC attrs: 0x1
2025-03-21T15:57:21.888786+00:00 erwin kernel: PM:   Magic number: 1:593:993
2025-03-21T15:57:21.888787+00:00 erwin kernel: memory memory36: hash matches
2025-03-21T15:57:21.888787+00:00 erwin kernel: RAS: Correctable Errors collector initialized.
2025-03-21T15:57:21.888788+00:00 erwin kernel: clk: Disabling unused clocks
2025-03-21T15:57:21.888788+00:00 erwin kernel: PM: genpd: Disabling unused power domains
2025-03-21T15:57:21.888789+00:00 erwin kernel: ata2.00: ATAPI: VBOX CD-ROM, 1.0, max UDMA/133
2025-03-21T15:57:21.888790+00:00 erwin kernel: scsi 1:0:0:0: CD-ROM            VBOX     CD-ROM           1.0  PQ: 0 ANSI: 5
2025-03-21T15:57:21.888790+00:00 erwin kernel: sr 1:0:0:0: [sr0] scsi3-mmc drive: 32x/32x xa/form2 tray
2025-03-21T15:57:21.888791+00:00 erwin kernel: cdrom: Uniform CD-ROM driver Revision: 3.20
2025-03-21T15:57:21.888791+00:00 erwin kernel: sr 1:0:0:0: Attached scsi CD-ROM sr0
2025-03-21T15:57:21.888792+00:00 erwin kernel: sr 1:0:0:0: Attached scsi generic sg0 type 5
2025-03-21T15:57:21.888792+00:00 erwin kernel: Freeing unused decrypted memory: 2028K
2025-03-21T15:57:21.888792+00:00 erwin kernel: Freeing unused kernel image (initmem) memory: 5096K
2025-03-21T15:57:21.888793+00:00 erwin kernel: Write protecting the kernel read-only data: 38912k
2025-03-21T15:57:21.888794+00:00 erwin kernel: Freeing unused kernel image (rodata/data gap) memory: 1508K
2025-03-21T15:57:21.888794+00:00 erwin kernel: x86/mm: Checked W+X mappings: passed, no W+X pages found.
2025-03-21T15:57:21.888795+00:00 erwin kernel: Run /init as init process
2025-03-21T15:57:21.888795+00:00 erwin kernel:   with arguments:
2025-03-21T15:57:21.888796+00:00 erwin kernel:     /init
2025-03-21T15:57:21.888796+00:00 erwin kernel:     splash
2025-03-21T15:57:21.888796+00:00 erwin kernel:   with environment:
2025-03-21T15:57:21.888797+00:00 erwin kernel:     HOME=/
2025-03-21T15:57:21.888797+00:00 erwin kernel:     TERM=linux
2025-03-21T15:57:21.888798+00:00 erwin kernel:     BOOT_IMAGE=/boot/vmlinuz-6.11.0-19-generic
2025-03-21T15:57:21.888798+00:00 erwin kernel: usb 1-1: new full-speed USB device number 2 using ohci-pci
2025-03-21T15:57:21.888799+00:00 erwin kernel: e1000: Intel(R) PRO/1000 Network Driver
2025-03-21T15:57:21.888821+00:00 erwin kernel: e1000: Copyright (c) 1999-2006 Intel Corporation.
2025-03-21T15:57:21.888822+00:00 erwin kernel: ACPI: video: Video Device [GFX0] (multi-head: yes  rom: no  post: no)
2025-03-21T15:57:21.888822+00:00 erwin kernel: ahci 0000:00:0d.0: version 3.0
2025-03-21T15:57:21.888823+00:00 erwin kernel: input: Video Bus as /devices/LNXSYSTM:00/LNXSYBUS:00/PNP0A03:00/LNXVIDEO:00/input/input4
2025-03-21T15:57:21.888823+00:00 erwin kernel: ahci 0000:00:0d.0: SSS flag set, parallel bus scan disabled
2025-03-21T15:57:21.888824+00:00 erwin kernel: ahci 0000:00:0d.0: AHCI vers 0001.0100, 32 command slots, 3 Gbps, SATA mode
2025-03-21T15:57:21.888824+00:00 erwin kernel: ahci 0000:00:0d.0: 1/1 ports implemented (port mask 0x1)
2025-03-21T15:57:21.888825+00:00 erwin kernel: ahci 0000:00:0d.0: flags: 64bit ncq stag only ccc 
2025-03-21T15:57:21.888825+00:00 erwin kernel: input: ImExPS/2 Generic Explorer Mouse as /devices/platform/i8042/serio1/input/input5
2025-03-21T15:57:21.888826+00:00 erwin kernel: scsi host2: ahci
2025-03-21T15:57:21.888826+00:00 erwin kernel: ata3: SATA max UDMA/133 abar m8192@0xf0806000 port 0xf0806100 irq 21 lpm-pol 0
2025-03-21T15:57:21.888827+00:00 erwin kernel: usb 1-1: New USB device found, idVendor=80ee, idProduct=0021, bcdDevice= 1.00
2025-03-21T15:57:21.888827+00:00 erwin kernel: usb 1-1: New USB device strings: Mfr=1, Product=3, SerialNumber=0
2025-03-21T15:57:21.888827+00:00 erwin kernel: usb 1-1: Product: USB Tablet
2025-03-21T15:57:21.888828+00:00 erwin kernel: usb 1-1: Manufacturer: VirtualBox
2025-03-21T15:57:21.888828+00:00 erwin kernel: hid: raw HID events driver (C) Jiri Kosina
2025-03-21T15:57:21.888829+00:00 erwin kernel: e1000 0000:00:03.0 eth0: (PCI:33MHz:32-bit) 08:00:27:8d:01:9d
2025-03-21T15:57:21.888829+00:00 erwin kernel: e1000 0000:00:03.0 eth0: Intel(R) PRO/1000 Network Connection
2025-03-21T15:57:21.888830+00:00 erwin kernel: ata3: SATA link up 3.0 Gbps (SStatus 123 SControl 300)
2025-03-21T15:57:21.888830+00:00 erwin kernel: ata3.00: ATA-6: VBOX HARDDISK, 1.0, max UDMA/133
2025-03-21T15:57:21.888831+00:00 erwin kernel: ata3.00: 52428800 sectors, multi 128: LBA48 NCQ (depth 32)
2025-03-21T15:57:21.888831+00:00 erwin kernel: ata3.00: configured for UDMA/133
2025-03-21T15:57:21.888832+00:00 erwin kernel: scsi 2:0:0:0: Direct-Access     ATA      VBOX HARDDISK    1.0  PQ: 0 ANSI: 5
2025-03-21T15:57:21.888832+00:00 erwin kernel: sd 2:0:0:0: Attached scsi generic sg1 type 0
2025-03-21T15:57:21.888832+00:00 erwin kernel: sd 2:0:0:0: [sda] 52428800 512-byte logical blocks: (26.8 GB/25.0 GiB)
2025-03-21T15:57:21.888833+00:00 erwin kernel: sd 2:0:0:0: [sda] Write Protect is off
2025-03-21T15:57:21.888833+00:00 erwin kernel: sd 2:0:0:0: [sda] Mode Sense: 00 3a 00 00
2025-03-21T15:57:21.888834+00:00 erwin kernel: sd 2:0:0:0: [sda] Write cache: enabled, read cache: enabled, doesn't support DPO or FUA
2025-03-21T15:57:21.888834+00:00 erwin kernel: sd 2:0:0:0: [sda] Preferred minimum I/O size 512 bytes
2025-03-21T15:57:21.888835+00:00 erwin kernel:  sda: sda1 sda2
2025-03-21T15:57:21.888835+00:00 erwin kernel: sd 2:0:0:0: [sda] Attached SCSI disk
2025-03-21T15:57:21.888836+00:00 erwin kernel: e1000 0000:00:03.0 enp0s3: renamed from eth0
2025-03-21T15:57:21.888836+00:00 erwin kernel: usbcore: registered new interface driver usbhid
2025-03-21T15:57:21.888837+00:00 erwin kernel: usbhid: USB HID core driver
2025-03-21T15:57:21.888837+00:00 erwin kernel: input: VirtualBox USB Tablet as /devices/pci0000:00/0000:00:06.0/usb1/1-1/1-1:1.0/0003:80EE:0021.0001/input/input6
2025-03-21T15:57:21.888838+00:00 erwin kernel: hid-generic 0003:80EE:0021.0001: input,hidraw0: USB HID v1.10 Mouse [VirtualBox USB Tablet] on usb-0000:00:06.0-1/input0
2025-03-21T15:57:21.888839+00:00 erwin kernel: EXT4-fs (sda2): mounted filesystem 36e5b7cb-17bf-41a3-85d7-6e16de248b77 ro with ordered data mode. Quota mode: none.
2025-03-21T15:57:21.888839+00:00 erwin kernel: systemd[1]: Inserted module 'autofs4'
2025-03-21T15:57:21.888840+00:00 erwin kernel: systemd[1]: systemd 255.4-1ubuntu8.5 running in system mode (+PAM +AUDIT +SELINUX +APPARMOR +IMA +SMACK +SECCOMP +GCRYPT -GNUTLS +OPENSSL +ACL +BLKID +CURL +ELFUTILS +FIDO2 +IDN2 -IDN +IPTC +KMOD +LIBCRYPTSETUP +LIBFDISK +PCRE2 -PWQUALITY +P11KIT +QRENCODE +TPM2 +BZIP2 +LZ4 +XZ +ZLIB +ZSTD -BPF_FRAMEWORK -XKBCOMMON +UTMP +SYSVINIT default-hierarchy=unified)
2025-03-21T15:57:21.888840+00:00 erwin kernel: systemd[1]: Detected virtualization oracle.
2025-03-21T15:57:21.888841+00:00 erwin kernel: systemd[1]: Detected architecture x86-64.
2025-03-21T15:57:21.888841+00:00 erwin kernel: systemd[1]: Invalid DMI field header.
2025-03-21T15:57:21.888841+00:00 erwin kernel: systemd[1]: Hostname set to <erwin>.
2025-03-21T15:57:21.888842+00:00 erwin kernel: systemd[1]: Queued start job for default target graphical.target.
2025-03-21T15:57:21.888842+00:00 erwin kernel: systemd[1]: Created slice system-modprobe.slice - Slice /system/modprobe.
2025-03-21T15:57:21.888843+00:00 erwin kernel: systemd[1]: Created slice user.slice - User and Session Slice.
2025-03-21T15:57:21.888843+00:00 erwin kernel: systemd[1]: Started systemd-ask-password-wall.path - Forward Password Requests to Wall Directory Watch.
2025-03-21T15:57:21.888844+00:00 erwin kernel: systemd[1]: Set up automount proc-sys-fs-binfmt_misc.automount - Arbitrary Executable File Formats File System Automount Point.
2025-03-21T15:57:21.888844+00:00 erwin kernel: systemd[1]: Reached target integritysetup.target - Local Integrity Protected Volumes.
2025-03-21T15:57:21.888845+00:00 erwin kernel: systemd[1]: Reached target remote-fs.target - Remote File Systems.
2025-03-21T15:57:21.888858+00:00 erwin kernel: systemd[1]: Reached target slices.target - Slice Units.
2025-03-21T15:57:21.888859+00:00 erwin kernel: systemd[1]: Reached target snapd.mounts-pre.target - Mounting snaps.
2025-03-21T15:57:21.888859+00:00 erwin kernel: systemd[1]: Reached target swap.target - Swaps.
2025-03-21T15:57:21.888860+00:00 erwin kernel: systemd[1]: Reached target veritysetup.target - Local Verity Protected Volumes.
2025-03-21T15:57:21.888872+00:00 erwin kernel: systemd[1]: Listening on syslog.socket - Syslog Socket.
2025-03-21T15:57:21.888873+00:00 erwin kernel: systemd[1]: Listening on systemd-fsckd.socket - fsck to fsckd communication Socket.
2025-03-21T15:57:21.888873+00:00 erwin kernel: systemd[1]: Listening on systemd-initctl.socket - initctl Compatibility Named Pipe.
2025-03-21T15:57:21.888874+00:00 erwin kernel: systemd[1]: Listening on systemd-journald-dev-log.socket - Journal Socket (/dev/log).
2025-03-21T15:57:21.888874+00:00 erwin kernel: systemd[1]: Listening on systemd-journald.socket - Journal Socket.
2025-03-21T15:57:21.888875+00:00 erwin kernel: systemd[1]: Listening on systemd-oomd.socket - Userspace Out-Of-Memory (OOM) Killer Socket.
2025-03-21T15:57:21.888875+00:00 erwin kernel: systemd[1]: systemd-pcrextend.socket - TPM2 PCR Extension (Varlink) was skipped because of an unmet condition check (ConditionSecurity=measured-uki).
2025-03-21T15:57:21.888876+00:00 erwin kernel: systemd[1]: Listening on systemd-udevd-control.socket - udev Control Socket.
2025-03-21T15:57:21.888877+00:00 erwin kernel: systemd[1]: Listening on systemd-udevd-kernel.socket - udev Kernel Socket.
2025-03-21T15:57:21.888877+00:00 erwin kernel: systemd[1]: Mounting dev-hugepages.mount - Huge Pages File System...
2025-03-21T15:57:21.888878+00:00 erwin kernel: systemd[1]: Mounting dev-mqueue.mount - POSIX Message Queue File System...
2025-03-21T15:57:21.888878+00:00 erwin kernel: systemd[1]: Mounting sys-kernel-debug.mount - Kernel Debug File System...
2025-03-21T15:57:21.888879+00:00 erwin kernel: systemd[1]: Mounting sys-kernel-tracing.mount - Kernel Trace File System...
2025-03-21T15:57:21.888879+00:00 erwin kernel: systemd[1]: Starting systemd-journald.service - Journal Service...
2025-03-21T15:57:21.888880+00:00 erwin kernel: systemd[1]: Starting keyboard-setup.service - Set the console keyboard layout...
2025-03-21T15:57:21.888880+00:00 erwin kernel: systemd[1]: Starting kmod-static-nodes.service - Create List of Static Device Nodes...
2025-03-21T15:57:21.888880+00:00 erwin kernel: systemd[1]: Starting modprobe@configfs.service - Load Kernel Module configfs...
2025-03-21T15:57:21.888881+00:00 erwin kernel: systemd[1]: Starting modprobe@dm_mod.service - Load Kernel Module dm_mod...
2025-03-21T15:57:21.888948+00:00 erwin kernel: systemd[1]: Starting modprobe@drm.service - Load Kernel Module drm...
2025-03-21T15:57:21.888949+00:00 erwin kernel: systemd[1]: Starting modprobe@efi_pstore.service - Load Kernel Module efi_pstore...
2025-03-21T15:57:21.888965+00:00 erwin kernel: systemd[1]: Starting modprobe@fuse.service - Load Kernel Module fuse...
2025-03-21T15:57:21.888966+00:00 erwin kernel: systemd[1]: Starting modprobe@loop.service - Load Kernel Module loop...
2025-03-21T15:57:21.888966+00:00 erwin kernel: systemd[1]: systemd-fsck-root.service - File System Check on Root Device was skipped because of an unmet condition check (ConditionPathExists=!/run/initramfs/fsck-root).
2025-03-21T15:57:21.888967+00:00 erwin kernel: systemd[1]: Starting systemd-modules-load.service - Load Kernel Modules...
2025-03-21T15:57:21.888967+00:00 erwin kernel: systemd[1]: systemd-pcrmachine.service - TPM2 PCR Machine ID Measurement was skipped because of an unmet condition check (ConditionSecurity=measured-uki).
2025-03-21T15:57:21.888968+00:00 erwin kernel: systemd[1]: Starting systemd-remount-fs.service - Remount Root and Kernel File Systems...
2025-03-21T15:57:21.888968+00:00 erwin kernel: systemd[1]: systemd-tpm2-setup-early.service - TPM2 SRK Setup (Early) was skipped because of an unmet condition check (ConditionSecurity=measured-uki).
2025-03-21T15:57:21.888969+00:00 erwin kernel: systemd[1]: Starting systemd-udev-trigger.service - Coldplug All udev Devices...
2025-03-21T15:57:21.888969+00:00 erwin kernel: systemd[1]: Mounted dev-hugepages.mount - Huge Pages File System.
2025-03-21T15:57:21.888970+00:00 erwin kernel: systemd-journald[266]: Collecting audit messages is disabled.
2025-03-21T15:57:21.888970+00:00 erwin kernel: systemd[1]: Mounted dev-mqueue.mount - POSIX Message Queue File System.
2025-03-21T15:57:21.888971+00:00 erwin kernel: systemd[1]: Mounted sys-kernel-debug.mount - Kernel Debug File System.
2025-03-21T15:57:21.888973+00:00 erwin kernel: systemd[1]: Mounted sys-kernel-tracing.mount - Kernel Trace File System.
2025-03-21T15:57:21.888973+00:00 erwin kernel: systemd[1]: Finished kmod-static-nodes.service - Create List of Static Device Nodes.
2025-03-21T15:57:21.888973+00:00 erwin kernel: systemd[1]: modprobe@configfs.service: Deactivated successfully.
2025-03-21T15:57:21.888974+00:00 erwin kernel: systemd[1]: Finished modprobe@configfs.service - Load Kernel Module configfs.
2025-03-21T15:57:21.888975+00:00 erwin kernel: systemd[1]: modprobe@dm_mod.service: Deactivated successfully.
2025-03-21T15:57:21.888975+00:00 erwin kernel: systemd[1]: Finished modprobe@dm_mod.service - Load Kernel Module dm_mod.
2025-03-21T15:57:21.888975+00:00 erwin kernel: systemd[1]: modprobe@drm.service: Deactivated successfully.
2025-03-21T15:57:21.888976+00:00 erwin kernel: systemd[1]: Finished modprobe@drm.service - Load Kernel Module drm.
2025-03-21T15:57:21.888976+00:00 erwin kernel: systemd[1]: modprobe@efi_pstore.service: Deactivated successfully.
2025-03-21T15:57:21.888977+00:00 erwin kernel: systemd[1]: Finished modprobe@efi_pstore.service - Load Kernel Module efi_pstore.
2025-03-21T15:57:21.888978+00:00 erwin kernel: systemd[1]: modprobe@fuse.service: Deactivated successfully.
2025-03-21T15:57:21.888978+00:00 erwin kernel: systemd[1]: Finished modprobe@fuse.service - Load Kernel Module fuse.
2025-03-21T15:57:21.888978+00:00 erwin kernel: systemd[1]: modprobe@loop.service: Deactivated successfully.
2025-03-21T15:57:21.888979+00:00 erwin kernel: systemd[1]: Finished modprobe@loop.service - Load Kernel Module loop.
2025-03-21T15:57:21.888979+00:00 erwin kernel: systemd[1]: Mounting sys-fs-fuse-connections.mount - FUSE Control File System...
2025-03-21T15:57:21.888980+00:00 erwin kernel: systemd[1]: Mounting sys-kernel-config.mount - Kernel Configuration File System...
2025-03-21T15:57:21.888980+00:00 erwin kernel: systemd[1]: systemd-repart.service - Repartition Root Disk was skipped because no trigger condition checks were met.
2025-03-21T15:57:21.888981+00:00 erwin kernel: systemd[1]: Starting systemd-tmpfiles-setup-dev-early.service - Create Static Device Nodes in /dev gracefully...
2025-03-21T15:57:21.888981+00:00 erwin kernel: EXT4-fs (sda2): re-mounted 36e5b7cb-17bf-41a3-85d7-6e16de248b77 r/w. Quota mode: none.
2025-03-21T15:57:21.888982+00:00 erwin kernel: systemd[1]: Finished systemd-remount-fs.service - Remount Root and Kernel File Systems.
2025-03-21T15:57:21.888982+00:00 erwin kernel: systemd[1]: Mounted sys-fs-fuse-connections.mount - FUSE Control File System.
2025-03-21T15:57:21.888982+00:00 erwin kernel: systemd[1]: Mounted sys-kernel-config.mount - Kernel Configuration File System.
2025-03-21T15:57:21.888983+00:00 erwin kernel: systemd[1]: Starting cloud-init-local.service - Cloud-init: Local Stage (pre-network)...
2025-03-21T15:57:21.888983+00:00 erwin kernel: systemd[1]: systemd-hwdb-update.service - Rebuild Hardware Database was skipped because no trigger condition checks were met.
2025-03-21T15:57:21.888984+00:00 erwin kernel: systemd[1]: systemd-pstore.service - Platform Persistent Storage Archival was skipped because of an unmet condition check (ConditionDirectoryNotEmpty=/sys/fs/pstore).
2025-03-21T15:57:21.888984+00:00 erwin kernel: systemd[1]: Starting systemd-random-seed.service - Load/Save OS Random Seed...
2025-03-21T15:57:21.888985+00:00 erwin kernel: systemd[1]: systemd-tpm2-setup.service - TPM2 SRK Setup was skipped because of an unmet condition check (ConditionSecurity=measured-uki).
2025-03-21T15:57:21.888986+00:00 erwin kernel: lp: driver loaded but no devices found
2025-03-21T15:57:21.889003+00:00 erwin kernel: systemd[1]: Started systemd-journald.service - Journal Service.
2025-03-21T15:57:21.889004+00:00 erwin kernel: ppdev: user-space parallel port driver
2025-03-21T15:57:21.889005+00:00 erwin kernel: systemd-journald[266]: Received client request to flush runtime journal.
2025-03-21T15:57:21.889005+00:00 erwin kernel: loop0: detected capacity change from 0 to 151328
2025-03-21T15:57:21.889005+00:00 erwin kernel: loop1: detected capacity change from 0 to 8
2025-03-21T15:57:21.889006+00:00 erwin kernel: loop2: detected capacity change from 0 to 528456
2025-03-21T15:57:21.889006+00:00 erwin kernel: loop3: detected capacity change from 0 to 22800
